[2026-02-01T19:26:43.536Z] iDumb plugin initialized
[2026-02-01T19:27:34.876Z] Session created: ses_3e5534034ffeD9TxS9gYeZ54A7
[2026-02-01T19:27:34.882Z] Synced phase with GSD: 0/0 (Phase 0)
[2026-02-01T19:27:34.882Z] State loaded: phase=init, framework=gsd
[2026-02-01T19:33:15.370Z] File operation: edit on undefined
[2026-02-01T19:33:30.866Z] File operation: edit on undefined
[2026-02-01T19:34:06.044Z] File operation: edit on undefined
[2026-02-01T19:34:24.009Z] File operation: edit on undefined
[2026-02-01T19:34:50.939Z] File operation: edit on undefined
[2026-02-01T19:36:15.633Z] File operation: edit on undefined
[2026-02-01T19:38:31.330Z] File operation: edit on undefined
[2026-02-01T19:42:03.606Z] Session idle - considering checkpoint
[2026-02-01T19:49:33.743Z] Session idle - considering checkpoint
[2026-02-01T20:05:43.011Z] Session created: ses_3e5305621ffe41ReDJW5UkLS2T
[2026-02-01T20:05:43.015Z] State loaded: phase=0/0 (Phase 0), framework=gsd
[2026-02-01T20:07:55.688Z] Session idle - considering checkpoint
[2026-02-01T20:09:38.435Z] Session idle - considering checkpoint
[2026-02-01T20:10:52.155Z] iDumb plugin initialized
[2026-02-01T20:14:36.271Z] Task delegation detected: {}
[2026-02-01T20:14:36.273Z] Injected governance context into task delegation
[2026-02-01T20:14:36.290Z] Session created: ses_3e52832ffffecdDlMC0LVgx3qj
[2026-02-01T20:14:36.292Z] State loaded: phase=0/0 (Phase 0), framework=gsd
[2026-02-01T20:14:44.014Z] Task delegation detected: {}
[2026-02-01T20:14:44.015Z] Injected governance context into task delegation
[2026-02-01T20:14:44.021Z] Session created: ses_3e52814cdffeHXadBm84yBUFUB
[2026-02-01T20:14:44.022Z] State loaded: phase=0/0 (Phase 0), framework=gsd
[2026-02-01T20:14:51.487Z] Task delegation detected: {}
[2026-02-01T20:14:51.488Z] Injected governance context into task delegation
[2026-02-01T20:14:51.494Z] Session created: ses_3e527f79cffeVCRTgJNBmpjVx4
[2026-02-01T20:14:51.495Z] State loaded: phase=0/0 (Phase 0), framework=gsd
[2026-02-01T20:15:01.895Z] Task delegation detected: {}
[2026-02-01T20:15:01.897Z] Injected governance context into task delegation
[2026-02-01T20:15:01.903Z] Session created: ses_3e527cef3ffeXLiIedUDsBVR42
[2026-02-01T20:15:01.905Z] State loaded: phase=0/0 (Phase 0), framework=gsd
[2026-02-01T20:15:08.383Z] Task delegation detected: {}
[2026-02-01T20:15:08.384Z] Injected governance context into task delegation
[2026-02-01T20:15:08.393Z] Session created: ses_3e527b59affeQ6AvddvYJoaCzd
[2026-02-01T20:15:08.394Z] State loaded: phase=0/0 (Phase 0), framework=gsd
[2026-02-01T20:16:35.378Z] Session idle - considering checkpoint
[2026-02-01T20:16:36.080Z] Task completed: pass
[2026-02-01T20:17:39.489Z] Session idle - considering checkpoint
[2026-02-01T20:17:39.816Z] Task completed: pass
[2026-02-01T20:18:02.093Z] Session idle - considering checkpoint
[2026-02-01T20:18:03.050Z] Task completed: pass
[2026-02-01T20:18:57.665Z] Session idle - considering checkpoint
[2026-02-01T20:18:57.950Z] Task completed: pass
[2026-02-01T20:19:12.436Z] Session idle - considering checkpoint
[2026-02-01T20:19:12.639Z] Task completed: pass
[2026-02-01T20:20:09.297Z] Session idle - considering checkpoint
[2026-02-01T20:24:57.584Z] File operation: write on undefined
[2026-02-01T20:25:59.426Z] File operation: write on undefined
[2026-02-01T20:27:10.114Z] File operation: write on undefined
[2026-02-01T20:27:41.919Z] File operation: edit on undefined
[2026-02-01T20:28:38.526Z] File operation: write on undefined
[2026-02-01T20:29:19.636Z] File operation: edit on undefined
[2026-02-01T20:29:53.893Z] File operation: edit on undefined
[2026-02-01T20:30:34.863Z] File operation: edit on undefined
[2026-02-01T20:30:53.176Z] File operation: edit on undefined
[2026-02-01T20:31:10.704Z] File operation: edit on undefined
[2026-02-01T20:32:23.834Z] Session idle - considering checkpoint
[2026-02-01T20:36:24.912Z] Session created: ses_3e5143b31ffeHDqYe7gjH4k7Qb
[2026-02-01T20:36:24.914Z] State loaded: phase=0/0 (Phase 0), framework=gsd
[2026-02-01T20:37:40.404Z] Task delegation detected: {}
[2026-02-01T20:37:40.417Z] Injected governance context into task delegation
[2026-02-01T20:37:40.446Z] Session created: ses_3e5131432ffefyxzKhkwzqGn81
[2026-02-01T20:37:40.448Z] State loaded: phase=0/0 (Phase 0), framework=gsd
[2026-02-01T20:39:12.731Z] Session idle - considering checkpoint
[2026-02-01T20:39:12.732Z] Session idle - considering checkpoint
[2026-02-01T20:39:12.907Z] Task completed: pass
[2026-02-01T20:40:20.388Z] File operation: edit on undefined
[2026-02-01T20:40:23.737Z] Compaction triggered - injecting context
[2026-02-01T20:40:23.738Z] Injected 13 lines of context
[2026-02-01T20:41:39.363Z] Session compacted
[2026-02-01T20:42:27.857Z] File operation: edit on undefined
[2026-02-01T20:45:07.800Z] Session idle - considering checkpoint
[2026-02-01T20:45:35.175Z] Session idle - considering checkpoint
[2026-02-01T20:48:39.720Z] File operation: write on undefined
[2026-02-01T20:49:26.328Z] Session idle - considering checkpoint
[2026-02-01T20:53:28.793Z] Session created: ses_3e5049ba8ffeas9d08eJ4UiVNf
[2026-02-01T20:53:28.795Z] State loaded: phase=0/0 (Phase 0), framework=gsd
[2026-02-01T20:55:37.742Z] Session idle - considering checkpoint
[2026-02-01T20:57:07.449Z] File operation: edit on undefined
[2026-02-01T20:57:20.131Z] File operation: edit on undefined
[2026-02-01T20:57:27.448Z] File operation: edit on undefined
[2026-02-01T20:59:38.499Z] File operation: write on undefined
[2026-02-01T21:00:00.772Z] File operation: edit on undefined
[2026-02-01T21:00:27.109Z] File operation: edit on undefined
[2026-02-01T21:00:45.398Z] File operation: edit on undefined
[2026-02-01T21:01:06.751Z] File operation: edit on undefined
[2026-02-01T21:01:26.497Z] File operation: edit on undefined
[2026-02-01T21:01:40.697Z] File operation: edit on undefined
[2026-02-01T21:02:01.049Z] File operation: edit on undefined
[2026-02-01T21:02:48.921Z] File operation: edit on undefined
[2026-02-01T21:02:58.964Z] File operation: edit on undefined
[2026-02-01T21:03:09.898Z] File operation: edit on undefined
[2026-02-01T21:03:45.671Z] Session idle - considering checkpoint
[2026-02-01T21:07:50.746Z] Task delegation detected: {}
[2026-02-01T21:07:50.747Z] Injected governance context into task delegation
[2026-02-01T21:07:50.752Z] Session created: ses_3e4f774a1ffe0p2yoQpyBYqF6A
[2026-02-01T21:07:50.754Z] State loaded: phase=0/0 (Phase 0), framework=gsd
[2026-02-01T21:08:07.068Z] Task delegation detected: {}
[2026-02-01T21:08:07.069Z] Injected governance context into task delegation
[2026-02-01T21:08:07.073Z] Session created: ses_3e4f734e1ffeeMCsirUt6SS1sI
[2026-02-01T21:08:07.073Z] State loaded: phase=0/0 (Phase 0), framework=gsd
[2026-02-01T21:08:15.513Z] Task delegation detected: {}
[2026-02-01T21:08:15.513Z] Injected governance context into task delegation
[2026-02-01T21:08:15.516Z] Session created: ses_3e4f713e5ffeQUG87Xi58AdPNp
[2026-02-01T21:08:15.516Z] State loaded: phase=0/0 (Phase 0), framework=gsd
[2026-02-01T21:09:03.063Z] Session idle - considering checkpoint
[2026-02-01T21:09:03.082Z] Task completed: pass
[2026-02-01T21:09:25.311Z] Session idle - considering checkpoint
[2026-02-01T21:09:25.330Z] Task completed: pass
[2026-02-01T21:10:38.150Z] Session idle - considering checkpoint
[2026-02-01T21:10:38.160Z] Task completed: pass
[2026-02-01T21:11:11.239Z] Session idle - considering checkpoint
[2026-02-01T21:16:52.040Z] File operation: edit on undefined
[2026-02-01T21:17:01.057Z] File operation: edit on undefined
[2026-02-01T21:17:10.440Z] File operation: edit on undefined
[2026-02-01T21:17:21.540Z] File operation: edit on undefined
[2026-02-01T21:17:33.190Z] File operation: edit on undefined
[2026-02-01T21:17:42.091Z] File operation: edit on undefined
[2026-02-01T21:17:55.940Z] File operation: edit on undefined
[2026-02-01T21:18:08.306Z] File operation: edit on undefined
[2026-02-01T21:18:35.397Z] Session idle - considering checkpoint
[2026-02-01T21:27:38.246Z] Session created: ses_3e4e555fbffepp26i6vr50IWiS
[2026-02-01T21:27:38.247Z] State loaded: phase=0/0 (Phase 0), framework=gsd
[2026-02-01T21:29:44.649Z] Task delegation detected: {}
[2026-02-01T21:29:44.653Z] Injected governance context into task delegation
[2026-02-01T21:29:44.662Z] Session created: ses_3e4e3682fffe9ddhnx61UWnnuh
[2026-02-01T21:29:44.664Z] State loaded: phase=0/0 (Phase 0), framework=gsd
[2026-02-01T21:31:19.798Z] Session idle - considering checkpoint
[2026-02-01T21:31:19.896Z] Task completed: pass
[2026-02-01T21:31:36.499Z] Session idle - considering checkpoint
[2026-02-01T21:36:40.896Z] Task delegation detected: {}
[2026-02-01T21:36:40.897Z] Injected governance context into task delegation
[2026-02-01T21:36:40.899Z] Session created: ses_3e4dd0e3dffeKIjnxpSOAS7FJR
[2026-02-01T21:36:40.900Z] State loaded: phase=0/0 (Phase 0), framework=gsd
[2026-02-01T21:37:24.011Z] File operation: write on undefined
[2026-02-01T21:37:43.106Z] File operation: edit on undefined
[2026-02-01T21:37:48.582Z] File operation: edit on undefined
[2026-02-01T21:37:54.833Z] File operation: edit on undefined
[2026-02-01T21:38:00.357Z] File operation: edit on undefined
[2026-02-01T21:38:07.844Z] File operation: edit on undefined
[2026-02-01T21:38:32.578Z] Session idle - considering checkpoint
[2026-02-01T21:38:32.619Z] Task completed: pass
[2026-02-01T21:39:48.535Z] Task delegation detected: {}
[2026-02-01T21:39:48.535Z] Injected governance context into task delegation
[2026-02-01T21:39:48.539Z] Session created: ses_3e4da3146ffe8oWsKtU3C3KNmx
[2026-02-01T21:39:48.540Z] State loaded: phase=0/0 (Phase 0), framework=gsd
[2026-02-01T21:41:23.083Z] File operation: write on undefined
[2026-02-01T21:41:59.734Z] File operation: write on undefined
[2026-02-01T21:42:19.206Z] File operation: edit on undefined
[2026-02-01T21:45:17.646Z] Session idle - considering checkpoint
[2026-02-01T21:45:19.092Z] Task completed: pass
[2026-02-01T21:45:37.807Z] Session idle - considering checkpoint
[2026-02-02T03:45:14.058Z] iDumb plugin initialized
[2026-02-02T03:57:13.086Z] Session created: ses_3e380aa08ffeq6uWNKY9acI4a9
[2026-02-02T03:57:13.090Z] State loaded: phase=0/0 (Phase 0), framework=gsd
[2026-02-02T03:59:44.842Z] Session idle - considering checkpoint
[2026-02-02T04:00:49.989Z] Session created: ses_3e37d5abbffe0che35bxmagbZ2
[2026-02-02T04:00:49.991Z] State loaded: phase=0/0 (Phase 0), framework=gsd
[2026-02-02T04:03:09.083Z] Task delegation detected: {}
[2026-02-02T04:03:09.085Z] Injected governance context into task delegation
[2026-02-02T04:03:09.093Z] Session created: ses_3e37b3b5cffef2TGY9AhrqwQ4X
[2026-02-02T04:03:09.095Z] State loaded: phase=0/0 (Phase 0), framework=gsd
[2026-02-02T04:06:32.341Z] Session idle - considering checkpoint
[2026-02-02T04:06:32.526Z] Task completed: pass
[2026-02-02T04:07:56.862Z] File operation: write on undefined
[2026-02-02T04:09:52.424Z] Session idle - considering checkpoint
[2026-02-02T04:10:39.279Z] File operation: edit on undefined
[2026-02-02T04:12:10.373Z] Session idle - considering checkpoint
[2026-02-02T04:16:00.552Z] Session idle - considering checkpoint
[2026-02-02T04:17:20.363Z] File operation: edit on undefined
[2026-02-02T04:17:33.130Z] File operation: edit on undefined
[2026-02-02T04:17:50.644Z] File operation: edit on undefined
[2026-02-02T04:18:09.108Z] Session idle - considering checkpoint
[2026-02-02T04:19:35.646Z] Session created: ses_3e36c2da5ffe6mraeibpaXlMl3
[2026-02-02T04:19:35.647Z] State loaded: phase=0/0 (Phase 0), framework=gsd
[2026-02-02T04:20:44.284Z] File operation: write on undefined
[2026-02-02T04:21:21.826Z] File operation: write on undefined
[2026-02-02T04:21:50.916Z] Session idle - considering checkpoint
[2026-02-02T04:25:55.826Z] File operation: edit on undefined
[2026-02-02T04:26:10.183Z] File operation: edit on undefined
[2026-02-02T04:26:41.175Z] File operation: edit on undefined
[2026-02-02T04:27:08.225Z] File operation: edit on undefined
[2026-02-02T04:27:19.637Z] File operation: edit on undefined
[2026-02-02T04:28:52.757Z] File operation: edit on undefined
[2026-02-02T04:29:14.099Z] File operation: edit on undefined
[2026-02-02T04:29:48.930Z] Session idle - considering checkpoint
[2026-02-02T04:32:09.005Z] Session idle - considering checkpoint
[2026-02-02T04:35:00.282Z] File operation: write on undefined
[2026-02-02T04:35:00.347Z] Session idle - considering checkpoint
[2026-02-02T04:37:14.023Z] Session idle - considering checkpoint
[2026-02-02T04:40:14.570Z] Session created: ses_3e359461afferWBxKk4cRJnxeJ
[2026-02-02T04:40:14.573Z] State loaded: phase=0/0 (Phase 0), framework=gsd
[2026-02-02T04:41:47.703Z] Session idle - considering checkpoint
[2026-02-02T04:42:54.122Z] Session created: ses_3e356d6deffeCejyKhNKKjd9mL
[2026-02-02T04:42:54.124Z] State loaded: phase=0/0 (Phase 0), framework=gsd
[2026-02-02T04:45:25.640Z] Session idle - considering checkpoint
[2026-02-02T04:50:53.126Z] iDumb plugin initialized
[2026-02-02T04:51:46.683Z] Session created: ses_3e34eb686ffeU0NRCMvrBCuyaE
[2026-02-02T04:51:46.685Z] State loaded: phase=0/0 (Phase 0), framework=gsd
[2026-02-02T04:53:52.383Z] iDumb plugin initialized
[2026-02-02T04:54:23.510Z] Session created: ses_3e34c51ecffeyszbBwtUl5iQpW
[2026-02-02T04:54:23.514Z] State loaded: phase=0/0 (Phase 0), framework=gsd
[2026-02-02T04:54:41.784Z] Task delegation detected: {}
[2026-02-02T04:54:41.785Z] Injected governance context into task delegation
[2026-02-02T04:54:41.792Z] Session created: ses_3e34c0a81ffeGA2vRjuj4F3vzH
[2026-02-02T04:54:41.793Z] State loaded: phase=0/0 (Phase 0), framework=gsd
[2026-02-02T04:55:27.276Z] Session idle - considering checkpoint
[2026-02-02T04:55:27.284Z] Task completed: pass
[2026-02-02T04:55:45.484Z] Session idle - considering checkpoint
[2026-02-02T04:56:37.287Z] Task delegation detected: {}
[2026-02-02T04:56:37.289Z] Injected governance context into task delegation
[2026-02-02T04:56:43.617Z] Session created: ses_3e34a2ea0ffea1nDG0OqFHHvYS
[2026-02-02T04:56:43.618Z] State loaded: phase=0/0 (Phase 0), framework=gsd
[2026-02-02T04:56:55.922Z] File operation: edit on undefined
[2026-02-02T04:56:57.634Z] File operation: edit on undefined
[2026-02-02T04:57:21.256Z] File operation: edit on undefined
[2026-02-02T04:57:37.615Z] Session idle - considering checkpoint
[2026-02-02T04:57:37.619Z] Task completed: pass
[2026-02-02T04:58:01.772Z] Session idle - considering checkpoint
[2026-02-02T04:59:42.271Z] Session idle - considering checkpoint
[2026-02-02T05:00:12.367Z] Session created: ses_3e346ff33ffeQQ1AKP3CCkinNP
[2026-02-02T05:00:12.369Z] Synced phase with GSD: 0/0 (Phase 0)
[2026-02-02T05:00:12.369Z] State loaded: phase=A of 5 (BYOK Foundation), framework=both
[2026-02-02T05:01:53.997Z] Session idle - considering checkpoint
[2026-02-02T05:03:00.886Z] File operation: write on undefined
[2026-02-02T05:03:36.988Z] File operation: edit on undefined
[2026-02-02T05:03:53.268Z] File operation: edit on undefined
[2026-02-02T05:04:06.320Z] File operation: edit on undefined
[2026-02-02T05:04:23.918Z] File operation: edit on undefined
[2026-02-02T05:04:34.490Z] File operation: edit on undefined
[2026-02-02T05:04:46.668Z] File operation: edit on undefined
[2026-02-02T05:05:16.546Z] File operation: edit on undefined
[2026-02-02T05:05:27.529Z] File operation: edit on undefined
[2026-02-02T05:05:38.870Z] File operation: edit on undefined
[2026-02-02T05:05:47.600Z] File operation: edit on undefined
[2026-02-02T05:05:53.949Z] File operation: edit on undefined
[2026-02-02T05:06:36.628Z] File operation: edit on undefined
[2026-02-02T05:06:51.886Z] File operation: edit on undefined
[2026-02-02T05:07:02.972Z] File operation: edit on undefined
[2026-02-02T05:07:13.485Z] File operation: edit on undefined
[2026-02-02T05:07:21.423Z] File operation: edit on undefined
[2026-02-02T05:07:48.795Z] Session idle - considering checkpoint
[2026-02-02T05:09:27.163Z] Session created: ses_3e33e8806ffe0CtqFmHOwYNuM9
[2026-02-02T05:09:27.167Z] State loaded: phase=0/0 (Phase 0), framework=both
[2026-02-02T05:09:50.299Z] Session idle - considering checkpoint
[2026-02-02T05:13:08.443Z] Session idle - considering checkpoint
[2026-02-02T05:16:14.372Z] Session idle - considering checkpoint
[2026-02-02T05:20:16.202Z] File operation: write on undefined
[2026-02-02T05:20:50.639Z] Session idle - considering checkpoint
[2026-02-02T05:21:27.621Z] Task delegation detected: {}
[2026-02-02T05:21:27.623Z] Injected governance context into task delegation
[2026-02-02T05:21:27.629Z] Session created: ses_3e33389b5ffeLRate7LUiWly04
[2026-02-02T05:21:27.630Z] State loaded: phase=0/0 (Phase 0), framework=both
[2026-02-02T05:21:38.099Z] Task delegation detected: {}
[2026-02-02T05:21:38.100Z] Injected governance context into task delegation
[2026-02-02T05:21:38.103Z] Session created: ses_3e33360caffehh4k3osFJWCd3i
[2026-02-02T05:21:38.103Z] State loaded: phase=0/0 (Phase 0), framework=both
[2026-02-02T05:21:44.151Z] Task delegation detected: {}
[2026-02-02T05:21:44.152Z] Injected governance context into task delegation
[2026-02-02T05:21:44.154Z] Session created: ses_3e3334927ffeJ7HLvlQsswCPJP
[2026-02-02T05:21:44.154Z] State loaded: phase=0/0 (Phase 0), framework=both
[2026-02-02T05:22:52.791Z] Session idle - considering checkpoint
[2026-02-02T05:22:52.795Z] Task completed: pass
[2026-02-02T05:23:17.366Z] Session idle - considering checkpoint
[2026-02-02T05:23:17.374Z] Task completed: pass
[2026-02-02T05:24:04.900Z] Session idle - considering checkpoint
[2026-02-02T05:24:04.906Z] Task completed: pass
[2026-02-02T05:25:14.835Z] File operation: edit on undefined
[2026-02-02T05:26:02.158Z] File operation: edit on undefined
[2026-02-02T05:26:50.488Z] File operation: edit on undefined
[2026-02-02T05:27:09.409Z] File operation: edit on undefined
[2026-02-02T05:27:27.833Z] File operation: edit on undefined
[2026-02-02T05:28:04.191Z] Session idle - considering checkpoint
[2026-02-02T05:31:53.210Z] Compaction triggered - injecting context
[2026-02-02T05:31:53.210Z] Injected 17 lines of context
[2026-02-02T05:32:55.349Z] Session compacted
[2026-02-02T05:34:51.624Z] File operation: write on undefined
[2026-02-02T05:35:23.683Z] File operation: write on undefined
[2026-02-02T05:36:03.979Z] File operation: write on undefined
[2026-02-02T05:36:49.827Z] File operation: write on undefined
[2026-02-02T05:37:24.858Z] File operation: write on undefined
[2026-02-02T05:37:46.830Z] File operation: edit on undefined
[2026-02-02T05:38:02.786Z] File operation: edit on undefined
[2026-02-02T05:38:36.754Z] Session idle - considering checkpoint
[2026-02-02T05:41:58.236Z] Session idle - considering checkpoint
[2026-02-02T05:43:27.743Z] Session idle - considering checkpoint
[2026-02-02T05:49:13.302Z] Session idle - considering checkpoint
[2026-02-02T05:49:55.950Z] File operation: write on undefined
[2026-02-02T05:50:42.128Z] File operation: write on undefined
[2026-02-02T05:50:43.351Z] File operation: write on undefined
[2026-02-02T05:50:49.975Z] File operation: write on undefined
[2026-02-02T05:50:53.352Z] File operation: write on undefined
[2026-02-02T05:51:01.201Z] File operation: write on undefined
[2026-02-02T05:51:03.329Z] File operation: write on undefined
[2026-02-02T05:51:19.353Z] File operation: edit on undefined
[2026-02-02T05:51:21.352Z] File operation: edit on undefined
[2026-02-02T05:51:32.952Z] File operation: edit on undefined
[2026-02-02T05:52:09.689Z] File operation: write on undefined
[2026-02-02T05:52:26.234Z] File operation: edit on undefined
[2026-02-02T05:53:59.140Z] File operation: write on undefined
[2026-02-02T05:54:10.899Z] File operation: edit on undefined
[2026-02-02T05:54:15.940Z] File operation: edit on undefined
[2026-02-02T05:55:03.188Z] File operation: edit on undefined
[2026-02-02T05:55:24.296Z] File operation: edit on undefined
[2026-02-02T05:55:39.399Z] File operation: edit on undefined
[2026-02-02T05:55:46.290Z] File operation: edit on undefined
[2026-02-02T05:56:04.490Z] File operation: edit on undefined
[2026-02-02T05:56:19.041Z] File operation: edit on undefined
[2026-02-02T05:59:52.000Z] File operation: write on undefined
[2026-02-02T05:59:53.395Z] Compaction triggered - injecting context
[2026-02-02T05:59:53.396Z] Injected 17 lines of context
[2026-02-02T06:01:09.935Z] Session compacted
[2026-02-02T06:02:01.728Z] File operation: edit on undefined
[2026-02-02T06:02:09.001Z] File operation: edit on undefined
[2026-02-02T06:03:17.915Z] Session idle - considering checkpoint
[2026-02-02T06:05:31.207Z] File operation: edit on undefined
[2026-02-02T06:05:43.462Z] File operation: edit on undefined
[2026-02-02T06:05:54.919Z] File operation: edit on undefined
[2026-02-02T06:06:06.709Z] File operation: edit on undefined
[2026-02-02T06:06:20.211Z] File operation: edit on undefined
[2026-02-02T06:06:42.334Z] File operation: edit on undefined
[2026-02-02T06:07:24.060Z] File operation: edit on undefined
[2026-02-02T06:07:37.129Z] File operation: edit on undefined
[2026-02-02T06:07:51.509Z] File operation: edit on undefined
[2026-02-02T06:08:03.063Z] File operation: edit on undefined
[2026-02-02T06:08:16.252Z] File operation: edit on undefined
[2026-02-02T06:09:22.416Z] File operation: edit on undefined
[2026-02-02T06:10:06.564Z] File operation: edit on undefined
[2026-02-02T06:10:38.454Z] File operation: edit on undefined
[2026-02-02T06:12:06.307Z] File operation: edit on undefined
[2026-02-02T06:14:18.960Z] iDumb plugin initialized
[2026-02-02T06:14:21.711Z] File operation: edit on undefined
[2026-02-02T12:28:12.261Z] Session idle - considering checkpoint
[2026-02-02T12:32:37.003Z] Compaction triggered - injecting context
[2026-02-02T12:32:37.004Z] Injected 17 lines of context
[2026-02-02T12:34:15.649Z] Session compacted
[2026-02-02T12:35:33.762Z] Session idle - considering checkpoint
[2026-02-02T12:37:35.755Z] Task delegation detected: {}
[2026-02-02T12:37:35.756Z] Injected governance context into task delegation
[2026-02-02T12:37:35.759Z] Session created: ses_3e1a43e72ffenDd60olUGPa6c8
[2026-02-02T12:37:35.759Z] State loaded: phase=0/0 (Phase 0), framework=both
[2026-02-02T12:37:45.207Z] Task delegation detected: {}
[2026-02-02T12:37:45.208Z] Injected governance context into task delegation
[2026-02-02T12:37:45.210Z] Session created: ses_3e1a41987ffep93NUcACw8OmCj
[2026-02-02T12:37:45.210Z] State loaded: phase=0/0 (Phase 0), framework=both
[2026-02-02T12:37:51.761Z] Task delegation detected: {}
[2026-02-02T12:37:51.761Z] Injected governance context into task delegation
[2026-02-02T12:37:51.762Z] Session created: ses_3e1a3ffedffeUljjxc32R3312u
[2026-02-02T12:37:51.763Z] State loaded: phase=0/0 (Phase 0), framework=both
[2026-02-02T12:39:00.103Z] Session idle - considering checkpoint
[2026-02-02T12:39:00.106Z] Task completed: pass
[2026-02-02T12:39:06.115Z] Session idle - considering checkpoint
[2026-02-02T12:39:06.125Z] Task completed: pass
[2026-02-02T12:39:34.571Z] Session idle - considering checkpoint
[2026-02-02T12:39:34.576Z] Task completed: pass
[2026-02-02T12:40:03.274Z] Session idle - considering checkpoint
[2026-02-02T12:45:51.556Z] Session idle - considering checkpoint
[2026-02-02T12:52:37.735Z] Task delegation detected: {}
[2026-02-02T12:52:37.735Z] Injected governance context into task delegation
[2026-02-02T12:52:37.738Z] Session created: ses_3e1967b16ffeHjKOPj6jxgbS2c
[2026-02-02T12:52:37.738Z] State loaded: phase=0/0 (Phase 0), framework=both
[2026-02-02T12:52:48.341Z] Task delegation detected: {}
[2026-02-02T12:52:48.341Z] Injected governance context into task delegation
[2026-02-02T12:52:48.343Z] Session created: ses_3e19651a9ffelmREKlIAfTqURM
[2026-02-02T12:52:48.343Z] State loaded: phase=0/0 (Phase 0), framework=both
[2026-02-02T12:55:19.124Z] Session idle - considering checkpoint
[2026-02-02T12:55:19.131Z] Task completed: pass
[2026-02-02T12:59:27.122Z] Session idle - considering checkpoint
[2026-02-02T12:59:27.123Z] Session idle - considering checkpoint
[2026-02-02T12:59:27.142Z] Task completed: pass
[2026-02-02T13:00:10.918Z] Task delegation detected: {}
[2026-02-02T13:00:10.919Z] Injected governance context into task delegation
[2026-02-02T13:00:10.921Z] Session created: ses_3e18f90d7ffe0XJrCEGBHBgXv1
[2026-02-02T13:00:10.922Z] State loaded: phase=0/0 (Phase 0), framework=both
[2026-02-02T13:04:46.464Z] Session idle - considering checkpoint
[2026-02-02T13:04:46.472Z] Task completed: pass
[2026-02-02T13:08:52.716Z] Session idle - considering checkpoint
[2026-02-02T13:30:06.159Z] Session idle - considering checkpoint
[2026-02-02T13:38:32.419Z] File operation: write on undefined
[2026-02-02T13:40:29.884Z] File operation: write on undefined
[2026-02-02T13:41:39.530Z] File operation: write on undefined
[2026-02-02T13:42:07.396Z] Session idle - considering checkpoint
[2026-02-02T13:43:00.668Z] Session idle - considering checkpoint
[2026-02-02T13:44:02.497Z] Task delegation detected: {}
[2026-02-02T13:44:02.498Z] Injected governance context into task delegation
[2026-02-02T13:44:02.501Z] Session created: ses_3e167693cfferpN2JfSKsCrXp5
[2026-02-02T13:44:02.502Z] State loaded: phase=0/0 (Phase 0), framework=both
[2026-02-02T13:44:09.292Z] Task delegation detected: {}
[2026-02-02T13:44:09.292Z] Injected governance context into task delegation
[2026-02-02T13:44:09.295Z] Session created: ses_3e1674eb2ffeykz95vfr50SD1M
[2026-02-02T13:44:09.295Z] State loaded: phase=0/0 (Phase 0), framework=both
[2026-02-02T13:44:36.430Z] File operation: edit on undefined
[2026-02-02T13:44:55.901Z] File operation: edit on undefined
[2026-02-02T13:45:10.550Z] File operation: edit on undefined
[2026-02-02T13:45:21.173Z] Session idle - considering checkpoint
[2026-02-02T13:45:21.176Z] Task completed: pass
[2026-02-02T13:45:58.347Z] Session idle - considering checkpoint
[2026-02-02T13:45:58.352Z] Task completed: pass
[2026-02-02T13:46:41.170Z] Session idle - considering checkpoint
[2026-02-02T13:48:48.860Z] Task delegation detected: {}
[2026-02-02T13:48:48.861Z] Injected governance context into task delegation
[2026-02-02T13:48:48.864Z] Session created: ses_3e1630aa1ffeZc3i8ewiWlIPHH
[2026-02-02T13:48:48.864Z] State loaded: phase=0/0 (Phase 0), framework=both
[2026-02-02T13:48:58.531Z] Task delegation detected: {}
[2026-02-02T13:48:58.532Z] Injected governance context into task delegation
[2026-02-02T13:48:58.534Z] Session created: ses_3e162e4daffe6CgHKe0saA1KS1
[2026-02-02T13:48:58.535Z] State loaded: phase=0/0 (Phase 0), framework=both
[2026-02-02T13:49:14.206Z] Task delegation detected: {}
[2026-02-02T13:49:14.207Z] Injected governance context into task delegation
[2026-02-02T13:49:14.209Z] Session created: ses_3e162a7a0ffeEWzhD2yyr4NqBr
[2026-02-02T13:49:14.209Z] State loaded: phase=0/0 (Phase 0), framework=both
[2026-02-02T13:49:22.435Z] Task delegation detected: {}
[2026-02-02T13:49:22.435Z] Injected governance context into task delegation
[2026-02-02T13:49:22.438Z] Session created: ses_3e162877bffepId2JyHSH2Q25T
[2026-02-02T13:49:22.438Z] State loaded: phase=0/0 (Phase 0), framework=both
[2026-02-02T13:49:26.292Z] File operation: edit on undefined
[2026-02-02T13:49:45.885Z] File operation: edit on undefined
[2026-02-02T13:49:48.466Z] Session idle - considering checkpoint
[2026-02-02T13:49:48.469Z] Task completed: pass
[2026-02-02T13:49:55.982Z] File operation: edit on undefined
[2026-02-02T13:50:22.127Z] Session idle - considering checkpoint
[2026-02-02T13:50:22.132Z] Task completed: pass
[2026-02-02T13:50:22.282Z] File operation: write on undefined
[2026-02-02T13:50:42.791Z] Session idle - considering checkpoint
[2026-02-02T13:50:42.798Z] Task completed: pass
[2026-02-02T13:51:00.199Z] File operation: write on undefined
[2026-02-02T13:51:50.984Z] File operation: write on undefined
[2026-02-02T13:52:54.036Z] File operation: write on undefined
[2026-02-02T13:53:51.736Z] File operation: write on undefined
[2026-02-02T13:54:37.886Z] File operation: write on undefined
[2026-02-02T13:55:34.748Z] Session idle - considering checkpoint
[2026-02-02T13:55:34.756Z] Task completed: pass
[2026-02-02T13:55:34.961Z] Compaction triggered - injecting context
[2026-02-02T13:55:34.961Z] Injected 18 lines of context
[2026-02-02T13:57:25.793Z] Session compacted
[2026-02-02T13:58:32.867Z] Task delegation detected: {}
[2026-02-02T13:58:32.867Z] Injected governance context into task delegation
[2026-02-02T13:58:32.872Z] Session created: ses_3e15a215affeKs36eq2ZYgMF55
[2026-02-02T13:58:32.873Z] State loaded: phase=0/0 (Phase 0), framework=both
[2026-02-02T13:58:47.811Z] Task delegation detected: {}
[2026-02-02T13:58:47.812Z] Injected governance context into task delegation
[2026-02-02T13:58:47.816Z] Session created: ses_3e159e6faffe9oa4AUOGQih7fn
[2026-02-02T13:58:47.817Z] State loaded: phase=0/0 (Phase 0), framework=both
[2026-02-02T13:59:01.841Z] Task delegation detected: {}
[2026-02-02T13:59:01.841Z] Injected governance context into task delegation
[2026-02-02T13:59:01.845Z] Session created: ses_3e159b02dffezFIZ9x1QtZ2T08
[2026-02-02T13:59:01.845Z] State loaded: phase=0/0 (Phase 0), framework=both
[2026-02-02T13:59:28.641Z] File operation: write on undefined
[2026-02-02T13:59:29.463Z] File operation: write on undefined
[2026-02-02T13:59:30.991Z] File operation: write on undefined
[2026-02-02T13:59:34.218Z] File operation: write on undefined
[2026-02-02T13:59:37.398Z] File operation: write on undefined
[2026-02-02T13:59:38.554Z] File operation: write on undefined
[2026-02-02T13:59:45.060Z] File operation: write on undefined
[2026-02-02T13:59:48.937Z] File operation: write on undefined
[2026-02-02T14:00:27.024Z] File operation: edit on undefined
[2026-02-02T14:00:43.496Z] Session idle - considering checkpoint
[2026-02-02T14:00:43.529Z] Task completed: pass
[2026-02-02T14:01:47.578Z] Session idle - considering checkpoint
[2026-02-02T14:01:47.595Z] Task completed: pass
[2026-02-02T14:01:53.264Z] File operation: write on undefined
[2026-02-02T14:02:00.252Z] File operation: write on undefined
[2026-02-02T14:02:03.109Z] File operation: write on undefined
[2026-02-02T14:03:39.195Z] File operation: write on undefined
[2026-02-02T14:04:13.997Z] File operation: write on undefined
[2026-02-02T14:05:05.466Z] File operation: write on undefined
[2026-02-02T14:05:32.307Z] File operation: edit on undefined
[2026-02-02T14:05:51.617Z] File operation: write on undefined
[2026-02-02T14:06:33.523Z] File operation: write on undefined
[2026-02-02T14:10:37.212Z] Session idle - considering checkpoint
[2026-02-02T14:10:37.253Z] Task completed: pass
[2026-02-02T14:12:19.758Z] Task delegation detected: {}
[2026-02-02T14:12:19.759Z] Injected governance context into task delegation
[2026-02-02T14:12:19.763Z] Session created: ses_3e14d834effevn416rFZz39qxZ
[2026-02-02T14:12:19.764Z] State loaded: phase=0/0 (Phase 0), framework=both
[2026-02-02T14:12:58.604Z] File operation: write on undefined
[2026-02-02T14:13:08.863Z] Session idle - considering checkpoint
[2026-02-02T14:13:08.867Z] Task completed: pass
[2026-02-02T14:13:56.393Z] Session idle - considering checkpoint
[2026-02-02T14:19:16.990Z] Task delegation detected: {}
[2026-02-02T14:19:16.990Z] Injected governance context into task delegation
[2026-02-02T14:19:16.993Z] Session created: ses_3e1472580ffe7fMiRx0cMqa2MG
[2026-02-02T14:19:16.994Z] Synced phase with GSD: 0/0 (Phase 0)
[2026-02-02T14:19:16.994Z] State loaded: phase=R-0 (Foundation) COMPLETE, framework=both
[2026-02-02T14:20:29.823Z] File operation: write on undefined
[2026-02-02T14:20:56.518Z] Session idle - considering checkpoint
[2026-02-02T14:20:56.523Z] Task completed: pass
[2026-02-02T14:22:11.709Z] Task delegation detected: {}
[2026-02-02T14:22:11.710Z] Injected governance context into task delegation
[2026-02-02T14:22:11.712Z] Session created: ses_3e1447b00ffeTmXUuoNz69Nnbh
[2026-02-02T14:22:11.712Z] State loaded: phase=0/0 (Phase 0), framework=both
[2026-02-02T14:22:52.664Z] File operation: write on undefined
[2026-02-02T14:23:29.230Z] Session idle - considering checkpoint
[2026-02-02T14:23:29.233Z] Task completed: pass
[2026-02-02T14:24:34.834Z] Session idle - considering checkpoint
[2026-02-02T14:25:31.756Z] iDumb plugin initialized
[2026-02-02T14:28:35.982Z] Session created: ses_3e13e9df3ffebrBo23F1PGkd8u
[2026-02-02T14:28:35.983Z] State loaded: phase=0/0 (Phase 0), framework=both
[2026-02-02T14:30:31.180Z] Task delegation detected: {}
[2026-02-02T14:30:31.180Z] Injected governance context into task delegation
[2026-02-02T14:30:34.788Z] Task delegation detected: {}
[2026-02-02T14:30:34.788Z] Injected governance context into task delegation
[2026-02-02T14:30:38.086Z] Session created: ses_3e13cc0faffeKRquh53a5H0XQQ
[2026-02-02T14:30:38.086Z] State loaded: phase=0/0 (Phase 0), framework=both
[2026-02-02T14:30:38.086Z] Session created: ses_3e13cc0faffdgWy5ROU5q2R7PZ
[2026-02-02T14:30:38.087Z] State loaded: phase=0/0 (Phase 0), framework=both
[2026-02-02T14:30:42.371Z] Task delegation detected: {}
[2026-02-02T14:30:42.371Z] Injected governance context into task delegation
[2026-02-02T14:30:42.374Z] Session created: ses_3e13cb03affe485OHT21ccKRuA
[2026-02-02T14:30:42.374Z] State loaded: phase=0/0 (Phase 0), framework=both
[2026-02-02T14:31:57.472Z] Session idle - considering checkpoint
[2026-02-02T14:31:57.476Z] Task completed: pass
[2026-02-02T14:32:04.486Z] Session idle - considering checkpoint
[2026-02-02T14:32:04.494Z] Task completed: pass
[2026-02-02T14:32:35.049Z] Session idle - considering checkpoint
[2026-02-02T14:32:35.059Z] Task completed: pass
[2026-02-02T14:33:47.222Z] Task delegation detected: {}
[2026-02-02T14:33:47.222Z] Injected governance context into task delegation
[2026-02-02T14:33:47.224Z] Session created: ses_3e139de27ffeAbmjhZCAHw9Y0V
[2026-02-02T14:33:47.225Z] State loaded: phase=0/0 (Phase 0), framework=both
[2026-02-02T14:33:58.169Z] Task delegation detected: {}
[2026-02-02T14:33:58.170Z] Injected governance context into task delegation
[2026-02-02T14:33:58.171Z] Session created: ses_3e139b364ffejMgn5Ed325Eqti
[2026-02-02T14:33:58.172Z] State loaded: phase=0/0 (Phase 0), framework=both
[2026-02-02T14:34:54.196Z] File operation: write on undefined
[2026-02-02T14:35:10.495Z] File operation: write on undefined
[2026-02-02T14:35:11.136Z] File operation: write on undefined
[2026-02-02T14:35:12.288Z] File operation: write on undefined
[2026-02-02T14:35:20.641Z] File operation: write on undefined
[2026-02-02T14:35:24.821Z] File operation: edit on undefined
[2026-02-02T14:35:27.771Z] File operation: write on undefined
[2026-02-02T14:35:27.985Z] Session idle - considering checkpoint
[2026-02-02T14:35:27.985Z] Session idle - considering checkpoint
[2026-02-02T14:35:50.042Z] iDumb plugin initialized
[2026-02-02T14:37:25.038Z] iDumb plugin initialized
[2026-02-02T14:43:16.729Z] Task delegation detected: {}
[2026-02-02T14:43:16.730Z] Injected governance context into task delegation
[2026-02-02T14:43:16.733Z] Session created: ses_3e1312d83ffej1y1XwNlFFS10Z
[2026-02-02T14:43:16.734Z] State loaded: phase=0/0 (Phase 0), framework=both
[2026-02-02T14:44:00.267Z] Session idle - considering checkpoint
[2026-02-02T14:44:00.268Z] Session idle - considering checkpoint
[2026-02-02T14:44:00.280Z] Task completed: pass
[2026-02-02T14:44:08.704Z] Session created: ses_3e1306280ffejTkOaP9SSAdPtM
[2026-02-02T14:44:08.705Z] State loaded: phase=0/0 (Phase 0), framework=both
[2026-02-02T14:44:41.307Z] Task delegation detected: {}
[2026-02-02T14:44:41.310Z] Injected governance context into task delegation
[2026-02-02T14:44:41.313Z] Session created: ses_3e12fe31fffey3eiLElwSOuh63
[2026-02-02T14:44:41.313Z] State loaded: phase=0/0 (Phase 0), framework=both
[2026-02-02T14:44:43.789Z] Task delegation detected: {}
[2026-02-02T14:44:43.789Z] Injected governance context into task delegation
[2026-02-02T14:44:43.791Z] Session created: ses_3e12fd971ffeyL0BuoniINs4IC
[2026-02-02T14:44:43.791Z] State loaded: phase=0/0 (Phase 0), framework=both
[2026-02-02T14:46:15.111Z] Session idle - considering checkpoint
[2026-02-02T14:46:15.116Z] Task completed: pass
[2026-02-02T14:46:54.696Z] Session idle - considering checkpoint
[2026-02-02T14:46:54.704Z] Task completed: pass
[2026-02-02T14:47:59.936Z] Task delegation detected: {}
[2026-02-02T14:47:59.937Z] Injected governance context into task delegation
[2026-02-02T14:48:09.756Z] Task delegation detected: {}
[2026-02-02T14:48:09.756Z] Injected governance context into task delegation
[2026-02-02T14:48:40.847Z] Task delegation detected: {}
[2026-02-02T14:48:40.848Z] Injected governance context into task delegation
[2026-02-02T14:48:40.851Z] Session created: ses_3e12c3b6effeM4xq1Ypzu9ohCV
[2026-02-02T14:48:40.852Z] State loaded: phase=0/0 (Phase 0), framework=both
[2026-02-02T14:48:46.464Z] Task delegation detected: {}
[2026-02-02T14:48:46.465Z] Injected governance context into task delegation
[2026-02-02T14:48:46.469Z] Session created: ses_3e12c257dffeTzP1i68FS0JsEJ
[2026-02-02T14:48:46.470Z] State loaded: phase=0/0 (Phase 0), framework=both
[2026-02-02T14:49:56.948Z] Session idle - considering checkpoint
[2026-02-02T14:49:56.950Z] Session idle - considering checkpoint
[2026-02-02T14:49:56.950Z] Session idle - considering checkpoint
[2026-02-02T14:49:56.967Z] Task completed: pass
[2026-02-02T14:49:57.204Z] Task completed: pass
[2026-02-02T14:50:47.633Z] Task delegation detected: {}
[2026-02-02T14:50:47.634Z] Injected governance context into task delegation
[2026-02-02T14:50:47.638Z] Session created: ses_3e12a4c2cffevW7GqgNX9vkOX8
[2026-02-02T14:50:47.639Z] State loaded: phase=0/0 (Phase 0), framework=both
[2026-02-02T14:50:52.213Z] Task delegation detected: {}
[2026-02-02T14:50:52.214Z] Injected governance context into task delegation
[2026-02-02T14:50:52.216Z] Session created: ses_3e12a3a48ffexeC7H7pbPMYkLS
[2026-02-02T14:50:52.217Z] State loaded: phase=0/0 (Phase 0), framework=both
[2026-02-02T14:52:16.991Z] File operation: write on undefined
[2026-02-02T14:52:35.402Z] File operation: write on undefined
[2026-02-02T14:54:57.606Z] Session idle - considering checkpoint
[2026-02-02T14:54:57.706Z] Task completed: pass
[2026-02-02T14:56:42.415Z] Session idle - considering checkpoint
[2026-02-02T14:56:42.542Z] Task completed: pass
[2026-02-02T14:59:03.216Z] Task delegation detected: {}
[2026-02-02T14:59:03.218Z] Injected governance context into task delegation
[2026-02-02T14:59:03.223Z] Session created: ses_3e122bc4bffeIw7XK2uqpA4Qsn
[2026-02-02T14:59:03.224Z] State loaded: phase=0/0 (Phase 0), framework=both
[2026-02-02T14:59:48.398Z] File operation: edit on undefined
[2026-02-02T15:00:05.892Z] File operation: edit on undefined
[2026-02-02T15:00:47.511Z] File operation: edit on undefined
[2026-02-02T15:00:59.743Z] File operation: edit on undefined
[2026-02-02T15:01:18.862Z] File operation: edit on undefined
[2026-02-02T15:03:29.598Z] Session idle - considering checkpoint
[2026-02-02T15:03:29.639Z] Task completed: pass
[2026-02-02T15:05:40.456Z] Task delegation detected: {}
[2026-02-02T15:05:40.457Z] Injected governance context into task delegation
[2026-02-02T15:05:40.461Z] Session created: ses_3e11cac94ffe1iW7fqsuwahNVz
[2026-02-02T15:05:40.462Z] State loaded: phase=0/0 (Phase 0), framework=both
[2026-02-02T15:06:46.498Z] File operation: write on undefined
[2026-02-02T15:07:19.536Z] Session idle - considering checkpoint
[2026-02-02T15:07:19.548Z] Task completed: pass
[2026-02-02T15:08:18.891Z] Session idle - considering checkpoint
[2026-02-02T15:10:48.583Z] Task delegation detected: {}
[2026-02-02T15:10:48.584Z] Injected governance context into task delegation
[2026-02-02T15:10:48.589Z] Session created: ses_3e117f8f5ffeShLXx6FSsgHCtv
[2026-02-02T15:10:48.591Z] Synced phase with GSD: 0/0 (Phase 0)
[2026-02-02T15:10:48.591Z] State loaded: phase=R-1 (Platform Layer) COMPLETE - Pending Manual Test, framework=both
[2026-02-02T15:11:41.939Z] Session idle - considering checkpoint
[2026-02-02T15:11:41.956Z] Task completed: pass
[2026-02-02T15:13:36.570Z] Session idle - considering checkpoint
[2026-02-02T15:16:19.620Z] Task delegation detected: {}
[2026-02-02T15:16:19.621Z] Injected governance context into task delegation
[2026-02-02T15:16:19.623Z] Session created: ses_3e112ebd9ffeuVz8DuzoIV2T8w
[2026-02-02T15:16:19.624Z] State loaded: phase=0/0 (Phase 0), framework=both
[2026-02-02T15:16:33.805Z] Task delegation detected: {}
[2026-02-02T15:16:33.805Z] Injected governance context into task delegation
[2026-02-02T15:16:33.808Z] Session created: ses_3e112b470ffeOa2pAwCcgfW425
[2026-02-02T15:16:33.809Z] State loaded: phase=0/0 (Phase 0), framework=both
[2026-02-02T15:16:40.605Z] File operation: edit on undefined
[2026-02-02T15:16:58.777Z] File operation: edit on undefined
[2026-02-02T15:17:05.423Z] File operation: edit on undefined
[2026-02-02T15:17:11.587Z] File operation: edit on undefined
[2026-02-02T15:17:18.956Z] File operation: edit on undefined
[2026-02-02T15:17:22.018Z] File operation: edit on undefined
[2026-02-02T15:17:40.733Z] File operation: edit on undefined
[2026-02-02T15:17:41.607Z] File operation: edit on undefined
[2026-02-02T15:17:51.360Z] File operation: edit on undefined
[2026-02-02T15:17:59.718Z] File operation: edit on undefined
[2026-02-02T15:18:31.667Z] Session idle - considering checkpoint
[2026-02-02T15:18:31.690Z] Task completed: pass
[2026-02-02T15:18:53.008Z] File operation: edit on undefined
[2026-02-02T15:20:39.745Z] Session idle - considering checkpoint
[2026-02-02T15:20:39.765Z] Task completed: pass
[2026-02-02T15:23:12.934Z] Compaction triggered - injecting context
[2026-02-02T15:23:12.935Z] Injected 18 lines of context
[2026-02-02T15:25:27.913Z] Session compacted
[2026-02-02T15:26:13.264Z] Session idle - considering checkpoint
[2026-02-02T15:26:36.756Z] iDumb plugin initialized
[2026-02-02T15:29:04.421Z] Session created: ses_3e107405cffeR6d8YDKA2bQyvR
[2026-02-02T15:29:04.422Z] State loaded: phase=0/0 (Phase 0), framework=both
[2026-02-02T15:30:07.820Z] Session idle - considering checkpoint
[2026-02-02T15:37:03.778Z] Task delegation detected: {}
[2026-02-02T15:37:03.779Z] Injected governance context into task delegation
[2026-02-02T15:37:03.781Z] Session created: ses_3e0ffefdaffeWR5NEVCeZ107bC
[2026-02-02T15:37:03.782Z] State loaded: phase=0/0 (Phase 0), framework=both
[2026-02-02T15:37:11.896Z] Task delegation detected: {}
[2026-02-02T15:37:11.896Z] Injected governance context into task delegation
[2026-02-02T15:37:11.898Z] Session created: ses_3e0ffd026ffe4Gu4K7ydlchjZd
[2026-02-02T15:37:11.898Z] State loaded: phase=0/0 (Phase 0), framework=both
[2026-02-02T15:37:20.717Z] Session idle - considering checkpoint
[2026-02-02T15:37:20.718Z] Session idle - considering checkpoint
[2026-02-02T15:37:20.718Z] Session idle - considering checkpoint
[2026-02-02T15:37:20.728Z] Task completed: pass
[2026-02-02T15:37:20.732Z] Task completed: pass
[2026-02-02T15:38:46.401Z] Task delegation detected: {}
[2026-02-02T15:38:46.401Z] Injected governance context into task delegation
[2026-02-02T15:38:46.403Z] Session created: ses_3e0fe5efdffe9kYwdoFQ4FQHdy
[2026-02-02T15:38:46.403Z] State loaded: phase=0/0 (Phase 0), framework=both
[2026-02-02T15:40:17.168Z] Session idle - considering checkpoint
[2026-02-02T15:40:17.173Z] Task completed: pass
[2026-02-02T15:42:12.754Z] Task delegation detected: {}
[2026-02-02T15:42:12.756Z] Injected governance context into task delegation
[2026-02-02T15:42:12.759Z] Session created: ses_3e0fb38e9ffe0ZeVnoJlp4lrbU
[2026-02-02T15:42:12.760Z] State loaded: phase=0/0 (Phase 0), framework=both
[2026-02-02T15:43:31.030Z] File operation: write on undefined
[2026-02-02T15:44:01.757Z] File operation: write on undefined
[2026-02-02T15:44:41.256Z] File operation: write on undefined
[2026-02-02T15:45:08.435Z] File operation: write on undefined
[2026-02-02T15:46:40.456Z] File operation: edit on undefined
[2026-02-02T15:46:41.912Z] File operation: edit on undefined
[2026-02-02T15:46:43.156Z] File operation: edit on undefined
[2026-02-02T15:46:47.556Z] File operation: edit on undefined
[2026-02-02T15:46:48.507Z] File operation: edit on undefined
[2026-02-02T15:46:51.580Z] File operation: edit on undefined
[2026-02-02T15:46:54.011Z] File operation: edit on undefined
[2026-02-02T15:47:23.631Z] File operation: edit on undefined
[2026-02-02T15:47:24.575Z] File operation: edit on undefined
[2026-02-02T15:47:25.187Z] File operation: edit on undefined
[2026-02-02T15:47:26.234Z] File operation: edit on undefined
[2026-02-02T15:48:51.360Z] File operation: edit on undefined
[2026-02-02T15:48:53.225Z] File operation: edit on undefined
[2026-02-02T15:50:25.419Z] File operation: edit on undefined
[2026-02-02T15:53:44.076Z] File operation: edit on undefined
[2026-02-02T15:53:46.065Z] File operation: edit on undefined
[2026-02-02T16:02:21.869Z] Session idle - considering checkpoint
[2026-02-02T16:02:22.273Z] Task completed: pass
[2026-02-02T16:04:08.351Z] Task delegation detected: {}
[2026-02-02T16:04:08.353Z] Injected governance context into task delegation
[2026-02-02T16:04:08.361Z] Session created: ses_3e0e725daffeSsMY0MzT7Gtt13
[2026-02-02T16:04:08.363Z] State loaded: phase=0/0 (Phase 0), framework=both
[2026-02-02T16:06:17.808Z] File operation: edit on undefined
[2026-02-02T16:06:34.844Z] File operation: edit on undefined
[2026-02-02T16:06:53.427Z] File operation: edit on undefined
[2026-02-02T16:07:12.054Z] File operation: edit on undefined
[2026-02-02T16:07:31.370Z] File operation: edit on undefined
[2026-02-02T16:09:54.633Z] File operation: edit on undefined
[2026-02-02T16:10:13.049Z] File operation: edit on undefined
[2026-02-02T16:13:17.929Z] File operation: edit on undefined
[2026-02-02T16:13:55.484Z] File operation: edit on undefined
[2026-02-02T16:13:56.440Z] File operation: edit on undefined
[2026-02-02T16:13:57.385Z] File operation: edit on undefined
[2026-02-02T16:15:24.038Z] File operation: edit on undefined
[2026-02-02T16:16:44.976Z] File operation: write on undefined
[2026-02-02T16:17:39.332Z] File operation: edit on undefined
[2026-02-02T16:19:49.821Z] Session idle - considering checkpoint
[2026-02-02T16:19:50.096Z] Task completed: pass
[2026-02-02T16:21:27.338Z] Task delegation detected: {}
[2026-02-02T16:21:27.338Z] Injected governance context into task delegation
[2026-02-02T16:21:27.343Z] Session created: ses_3e0d74b53ffe9Zbptyy1L24c7R
[2026-02-02T16:21:27.344Z] State loaded: phase=0/0 (Phase 0), framework=both
[2026-02-02T16:22:43.530Z] File operation: write on undefined
[2026-02-02T16:24:29.292Z] Session idle - considering checkpoint
[2026-02-02T16:24:29.326Z] Task completed: pass
[2026-02-02T16:25:43.113Z] Session idle - considering checkpoint
[2026-02-02T16:29:00.462Z] Task delegation detected: {}
[2026-02-02T16:29:00.463Z] Injected governance context into task delegation
[2026-02-02T16:29:00.466Z] Session created: ses_3e0d0614fffeC4t2ZZDgIFFfL0
[2026-02-02T16:29:00.467Z] State loaded: phase=0/0 (Phase 0), framework=both
[2026-02-02T16:30:49.883Z] Session idle - considering checkpoint
[2026-02-02T16:30:49.895Z] Task completed: pass
[2026-02-02T16:32:19.539Z] Task delegation detected: {}
[2026-02-02T16:32:19.540Z] Injected governance context into task delegation
[2026-02-02T16:32:19.545Z] Session created: ses_3e0cd57a8ffepNN8Obv5Rp7TGm
[2026-02-02T16:32:19.546Z] State loaded: phase=0/0 (Phase 0), framework=both
[2026-02-02T16:33:25.212Z] File operation: write on undefined
[2026-02-02T16:33:37.740Z] File operation: edit on undefined
[2026-02-02T16:33:49.718Z] File operation: edit on undefined
[2026-02-02T16:34:31.543Z] File operation: edit on undefined
[2026-02-02T16:35:01.057Z] File operation: edit on undefined
[2026-02-02T16:35:42.059Z] File operation: write on undefined
[2026-02-02T16:36:37.093Z] File operation: write on undefined
[2026-02-02T16:39:05.036Z] Session idle - considering checkpoint
[2026-02-02T16:39:05.077Z] Task completed: pass
[2026-02-02T16:40:43.482Z] Task delegation detected: {}
[2026-02-02T16:40:43.483Z] Injected governance context into task delegation
[2026-02-02T16:40:43.486Z] Session created: ses_3e0c5a722ffeqh0cj0Ety8TR8j
[2026-02-02T16:40:43.487Z] State loaded: phase=0/0 (Phase 0), framework=both
[2026-02-02T16:41:41.917Z] File operation: write on undefined
[2026-02-02T16:42:32.679Z] Session idle - considering checkpoint
[2026-02-02T16:42:32.687Z] Task completed: pass
[2026-02-02T16:44:05.811Z] Session idle - considering checkpoint
[2026-02-02T16:46:01.767Z] Session created: ses_3e0c0cbd8ffe3R3i6FoPGyF6la
[2026-02-02T16:46:01.768Z] State loaded: phase=0/0 (Phase 0), framework=both
[2026-02-02T16:47:50.901Z] Task delegation detected: {}
[2026-02-02T16:47:50.902Z] Injected governance context into task delegation
[2026-02-02T16:47:50.906Z] Session created: ses_3e0bf2187ffelWzYq6rgNHknU0
[2026-02-02T16:47:50.906Z] State loaded: phase=0/0 (Phase 0), framework=both
[2026-02-02T16:50:15.395Z] Session idle - considering checkpoint
[2026-02-02T16:50:15.410Z] Task completed: pass
[2026-02-02T16:51:50.705Z] Task delegation detected: {}
[2026-02-02T16:51:50.706Z] Injected governance context into task delegation
[2026-02-02T16:51:50.709Z] Session created: ses_3e0bb78ccffeKgU4AhZi4WQOSP
[2026-02-02T16:51:50.709Z] State loaded: phase=0/0 (Phase 0), framework=both
[2026-02-02T16:52:41.003Z] File operation: write on undefined
[2026-02-02T16:52:57.907Z] File operation: write on undefined
[2026-02-02T16:53:09.116Z] File operation: write on undefined
[2026-02-02T16:53:16.604Z] File operation: write on undefined
[2026-02-02T16:53:25.253Z] File operation: edit on undefined
[2026-02-02T16:53:33.104Z] File operation: edit on undefined
[2026-02-02T16:54:19.117Z] File operation: edit on undefined
[2026-02-02T16:55:09.846Z] Session idle - considering checkpoint
[2026-02-02T16:55:09.860Z] Task completed: pass
[2026-02-02T16:56:33.559Z] Task delegation detected: {}
[2026-02-02T16:56:33.560Z] Injected governance context into task delegation
[2026-02-02T16:56:33.564Z] Session created: ses_3e0b727e6ffe7mpaI6Q2VlsvPT
[2026-02-02T16:56:33.564Z] State loaded: phase=0/0 (Phase 0), framework=both
[2026-02-02T16:57:22.381Z] File operation: write on undefined
[2026-02-02T16:57:50.360Z] File operation: write on undefined
[2026-02-02T16:57:56.607Z] File operation: write on undefined
[2026-02-02T16:59:17.526Z] Session idle - considering checkpoint
[2026-02-02T16:59:17.539Z] Task completed: pass
[2026-02-02T17:00:28.591Z] Task delegation detected: {}
[2026-02-02T17:00:28.592Z] Injected governance context into task delegation
[2026-02-02T17:00:28.596Z] Session created: ses_3e0b391ceffeBIExj7H6TxmFJH
[2026-02-02T17:00:28.597Z] State loaded: phase=0/0 (Phase 0), framework=both
[2026-02-02T17:00:44.012Z] Task delegation detected: {}
[2026-02-02T17:00:44.013Z] Injected governance context into task delegation
[2026-02-02T17:00:44.018Z] Session created: ses_3e0b3558fffeK2pLZgH1VamHpk
[2026-02-02T17:00:44.019Z] State loaded: phase=0/0 (Phase 0), framework=both
[2026-02-02T17:01:46.390Z] File operation: write on undefined
[2026-02-02T17:01:53.062Z] File operation: write on undefined
[2026-02-02T17:02:03.512Z] File operation: write on undefined
[2026-02-02T17:02:10.920Z] File operation: write on undefined
[2026-02-02T17:02:16.981Z] File operation: write on undefined
[2026-02-02T17:02:27.413Z] File operation: write on undefined
[2026-02-02T17:03:41.272Z] Session idle - considering checkpoint
[2026-02-02T17:03:41.294Z] Task completed: pass
[2026-02-02T17:04:20.444Z] File operation: edit on undefined
[2026-02-02T17:05:33.986Z] File operation: write on undefined
[2026-02-02T17:07:20.482Z] Session idle - considering checkpoint
[2026-02-02T17:07:20.512Z] Task completed: pass
[2026-02-02T17:08:28.967Z] Task delegation detected: {}
[2026-02-02T17:08:28.968Z] Injected governance context into task delegation
[2026-02-02T17:08:28.971Z] Session created: ses_3e0ac3d56ffet5vwpcu38ISaIq
[2026-02-02T17:08:28.972Z] State loaded: phase=0/0 (Phase 0), framework=both
[2026-02-02T17:09:19.866Z] File operation: write on undefined
[2026-02-02T17:09:25.585Z] File operation: write on undefined
[2026-02-02T17:09:42.769Z] File operation: write on undefined
[2026-02-02T17:10:34.120Z] File operation: edit on undefined
[2026-02-02T17:10:48.372Z] File operation: edit on undefined
[2026-02-02T17:12:52.168Z] Session idle - considering checkpoint
[2026-02-02T17:12:52.208Z] Task completed: pass
[2026-02-02T17:14:48.003Z] Task delegation detected: {}
[2026-02-02T17:14:48.004Z] Injected governance context into task delegation
[2026-02-02T17:14:48.007Z] Session created: ses_3e0a674baffebsXN2pgfdYh6tM
[2026-02-02T17:14:48.008Z] State loaded: phase=0/0 (Phase 0), framework=both
[2026-02-02T17:15:52.023Z] File operation: write on undefined
[2026-02-02T17:16:41.255Z] File operation: write on undefined
[2026-02-02T17:17:47.796Z] File operation: edit on undefined
[2026-02-02T17:18:00.901Z] File operation: edit on undefined
[2026-02-02T17:18:30.241Z] File operation: edit on undefined
[2026-02-02T17:19:40.201Z] Session idle - considering checkpoint
[2026-02-02T17:19:40.238Z] Task completed: pass
[2026-02-02T17:21:10.504Z] Task delegation detected: {}
[2026-02-02T17:21:10.505Z] Injected governance context into task delegation
[2026-02-02T17:21:10.508Z] Session created: ses_3e0a09e95ffeKjLCxXHb4GLcBS
[2026-02-02T17:21:10.508Z] State loaded: phase=0/0 (Phase 0), framework=both
[2026-02-02T17:23:06.089Z] File operation: write on undefined
[2026-02-02T17:23:32.985Z] Session idle - considering checkpoint
[2026-02-02T17:23:32.998Z] Task completed: pass
[2026-02-02T17:24:48.153Z] Session idle - considering checkpoint
[2026-02-02T17:28:38.485Z] Task delegation detected: {}
[2026-02-02T17:28:38.486Z] Injected governance context into task delegation
[2026-02-02T17:28:38.488Z] Session created: ses_3e099c8a8ffeLnZE3Vu58rqKZO
[2026-02-02T17:28:38.489Z] State loaded: phase=0/0 (Phase 0), framework=both
[2026-02-02T17:32:13.191Z] Session idle - considering checkpoint
[2026-02-02T17:32:13.207Z] Task completed: pass
[2026-02-02T17:32:55.491Z] Task delegation detected: {}
[2026-02-02T17:32:55.491Z] Injected governance context into task delegation
[2026-02-02T17:32:55.495Z] Session created: ses_3e095dcbaffezWx9xrRVat6vfx
[2026-02-02T17:32:55.495Z] State loaded: phase=0/0 (Phase 0), framework=both
[2026-02-02T17:33:28.706Z] File operation: edit on undefined
[2026-02-02T17:37:57.790Z] File operation: edit on undefined
[2026-02-02T17:40:02.799Z] Session idle - considering checkpoint
[2026-02-02T17:40:02.856Z] Task completed: pass
[2026-02-02T17:42:14.694Z] Task delegation detected: {}
[2026-02-02T17:42:14.695Z] Injected governance context into task delegation
[2026-02-02T17:42:14.699Z] Session created: ses_3e08d5456ffewKNNuZpYXv81Zg
[2026-02-02T17:42:14.700Z] State loaded: phase=0/0 (Phase 0), framework=both
