
> project-alpha@ build /Users/apple/Documents/coding-projects/project-alpha-master
> vite build

Route file "/Users/apple/Documents/coding-projects/project-alpha-master/src/routes/api/__tests__/chat.test.ts" does not contain any route piece. This is likely a mistake.
Route file "/Users/apple/Documents/coding-projects/project-alpha-master/src/routes/api/__tests__/chat.test.ts" does not contain any route piece. This is likely a mistake.
Route file "/Users/apple/Documents/coding-projects/project-alpha-master/src/routes/api/__tests__/chat.test.ts" does not contain any route piece. This is likely a mistake.
vite v7.3.0 building client environment for production...
transforming...

/grid-pattern.svg referenced in /grid-pattern.svg didn't resolve at build time, it will remain unchanged to be resolved at runtime
✓ 5347 modules transformed.
✗ Build failed in 9.27s
error during build:
src/lib/utils/error-handling.ts (451:25): "useCallback" is not exported by "node_modules/.pnpm/react-i18next@15.7.4_i18next@23.16.8_react-dom@19.2.3_react@19.2.3__react@19.2.3_typescript@5.9.3/node_modules/react-i18next/dist/es/index.js", imported by "src/lib/utils/error-handling.ts".
file: /Users/apple/Documents/coding-projects/project-alpha-master/src/lib/utils/error-handling.ts:451:25

449: 
450: // Import useTranslation and useCallback at the end to avoid circular dependencies
451: import { useTranslation, useCallback } from 'react-i18next'
                              ^

    at getRollupError (file:///Users/apple/Documents/coding-projects/project-alpha-master/node_modules/.pnpm/rollup@4.54.0/node_modules/rollup/dist/es/shared/parseAst.js:401:41)
    at error (file:///Users/apple/Documents/coding-projects/project-alpha-master/node_modules/.pnpm/rollup@4.54.0/node_modules/rollup/dist/es/shared/parseAst.js:397:42)
    at Module.error (file:///Users/apple/Documents/coding-projects/project-alpha-master/node_modules/.pnpm/rollup@4.54.0/node_modules/rollup/dist/es/shared/node-entry.js:17022:16)
    at Module.traceVariable (file:///Users/apple/Documents/coding-projects/project-alpha-master/node_modules/.pnpm/rollup@4.54.0/node_modules/rollup/dist/es/shared/node-entry.js:17478:29)
    at ModuleScope.findVariable (file:///Users/apple/Documents/coding-projects/project-alpha-master/node_modules/.pnpm/rollup@4.54.0/node_modules/rollup/dist/es/shared/node-entry.js:15141:39)
    at FunctionScope.findVariable (file:///Users/apple/Documents/coding-projects/project-alpha-master/node_modules/.pnpm/rollup@4.54.0/node_modules/rollup/dist/es/shared/node-entry.js:5688:38)
    at FunctionBodyScope.findVariable (file:///Users/apple/Documents/coding-projects/project-alpha-master/node_modules/.pnpm/rollup@4.54.0/node_modules/rollup/dist/es/shared/node-entry.js:5688:38)
    at Identifier.bind (file:///Users/apple/Documents/coding-projects/project-alpha-master/node_modules/.pnpm/rollup@4.54.0/node_modules/rollup/dist/es/shared/node-entry.js:5462:40)
    at CallExpression.bind (file:///Users/apple/Documents/coding-projects/project-alpha-master/node_modules/.pnpm/rollup@4.54.0/node_modules/rollup/dist/es/shared/node-entry.js:2829:23)
    at CallExpression.bind (file:///Users/apple/Documents/coding-projects/project-alpha-master/node_modules/.pnpm/rollup@4.54.0/node_modules/rollup/dist/es/shared/node-entry.js:12172:15)
 ELIFECYCLE  Command failed with exit code 1.
