
> project-alpha@ test C:\Users\Admin\Documents\coding-project\project-alpha-master\project-alpha-master
> vitest run "src/components/chat/__tests__/ApprovalOverlay.test.tsx" "--run"

pnpm.exe : [1m[43m 
DEPRECATED [49m[22m 
[33m"environmentMatchGlobs" 
is deprecated. Use 
`test.projects` to define 
different configurations 
instead.[39m
At C:\Users\Admin\AppData\Loc
al\pnpm\pnpm.ps1:14 char:3
+   & "$basedir/.tools/@pnpm+
win-x64/10.26.1/node_modules/
@pnpm/win-x64 ...
+   ~~~~~~~~~~~~~~~~~~~~~~~~~
~~~~~~~~~~~~~~~~~~~~~~~~~~~~~
~~~~~~~~~~~~~
    + CategoryInfo           
   : NotSpecified: ([1m[4  
  3m DEPRE...s instead.[3   
 9m:String) [], RemoteExc    
eption
    + FullyQualifiedErrorId  
   : NativeCommandError
 

[1m[46m RUN [49m[22m [36mv3.2.4 [39m[90mC:/Users/Admin/Documents/coding-project/project-alpha-master/project-alpha-master[39m

 [31mΓ¥»[39m src/components/chat/__tests__/ApprovalOverlay.test.tsx [2m([22m[2m15 tests[22m[2m | [22m[31m5 failed[39m[2m)[22m[33m 997[2mms[22m[39m
[31m   [31m├ù[31m ApprovalOverlay[2m > [22mRendering[2m > [22mshould render with basic props in fullscreen mode[39m[33m 337[2mms[22m[39m
[31m     ΓåÆ Found multiple elements with the text: Reject

Here are the matching elements:

Ignored nodes: comments, script, style
[36m<div[31m
  [33mclass[31m=[32m"flex items-center gap-2"[31m
[36m>[31m
  [36m<div[31m
    [33mdata-testid[31m=[32m"icon-x-circle"[31m
  [36m>[31m
    [0mReject[0m
  [36m</div>[31m
  [0mReject[0m
[36m</div>[31m

Ignored nodes: comments, script, style
[36m<div[31m
  [33mdata-testid[31m=[32m"icon-x-circle"[31m
[36m>[31m
  [0mReject[0m
[36m</div>[31m

(If this is intentional, then use the `*AllBy*` variant of the query (like `queryAllByText`, `getAllByText`, or `findAllByText`)).

Ignored nodes: comments, script, style
[36m<body[31m
  [33mdata-scroll-locked[31m=[32m"1"[31m
  [33mstyle[31m=[32m"pointer-events: none;"[31m
[36m>[31m
  [36m<span[31m
    [33maria-hidden[31m=[32m"true"[31m
    [33mdata-aria-hidden[31m=[32m"true"[31m
    [33mdata-radix-focus-guard[31m=[32m""[31m
    [33mstyle[31m=[32m"outline: none; opacity: 0; position: fixed; pointer-events: none;"[31m
    [33mtabindex[31m=[32m"0"[31m
  [36m/>[31m
  [36m<div[31m
    [33maria-hidden[31m=[32m"true"[31m
    [33mdata-aria-hidden[31m=[32m"true"[31m
  [36m/>[31m
  [36m<div[31m
    [33maria-hidden[31m=[32m"true"[31m
    [33mclass[31m=[32m"fixed inset-0 bg-black/50 backdrop-blur-sm z-50"[31m
    [33mdata-aria-hidden[31m=[32m"true"[31m
    [33mdata-state[31m=[32m"open"[31m
    [33mstyle[31m=[32m"pointer-events: auto;"[31m
  [36m/>[31m
  [36m<div[31m
    [33mclass[31m=[32m"fixed inset-0 z-50 flex items-center justify-center p-4"[31m
  [36m>[31m
    [36m<div[31m
      [33maria-describedby[31m=[32m"radix-_r_2_"[31m
      [33maria-labelledby[31m=[32m"radix-_r_1_"[31m
      [33mclass[31m=[32m"relative bg-surface-dark border border-border-dark rounded-none shadow-pixel w-full max-w-4xl max-h-[90vh] mx-auto my-8"[31m
      [33mdata-state[31m=[32m"open"[31m
      [33mid[31m=[32m"radix-_r_0_"[31m
      [33mrole[31m=[32m"dialog"[31m
      [33mstyle[31m=[32m"pointer-events: auto;"[31m
      [33mtabindex[31m=[32m"-1"[31m
    [36m>[31m
      [36m<div[31m
        [33mclass[31m=[32m"flex items-center justify-between p-6 border-b border-border-dark bg-surface-darker"[31m
      [36m>[31m
        [36m<div[31m
          [33mclass[31m=[32m"flex items-center gap-3"[31m
        [36m>[31m
          [36m<div[31m
            [33mclass[31m=[32m"p-2 rounded bg-yellow-500/10 border-yellow-500/30 border"[31m
          [36m>[31m
            [36m<div[31m
              [33mdata-testid[31m=[32m"icon-alert"[31m
            [36m>[31m
              [0mAlert[0m
            [36m</div>[31m
          [36m</div>[31m
          [36m<div>[31m
            [36m<h2[31m
              [33mclass[31m=[32m"text-lg font-pixel text-primary uppercase tracking-wider"[31m
              [33mid[31m=[32m"radix-_r_1_"[31m
            [36m>[31m
              [0mApprove Changes[0m
            [36m</h2>[31m
            [36m<p[31m
              [33mclass[31m=[32m"text-sm text-muted-foreground"[31m
            [36m>[31m
              [0mwrite_file[0m
              [0m ΓÇó [0m
              [0mMedium Risk[0m
            [36m</p>[31m
          [36m</div>[31m
        [36m</div>[31m
        [36m<button[31m
          [33maria-label[31m=[32m"Close"[31m
          [33mclass[31m=[32m"p-2 text-muted-foreground hover:text-foreground hover:bg-accent rounded transition-colors"[31m
          [33mtype[31m=[32m"button"[31m
        [36m>[31m
          [36m<div[31m
            [33mdata-testid[31m=[32m"icon-x"[31m
          [36m>[31m
            [0mX[0m
          [36m</div>[31m
        [36m</button>[31m
      [36m</div>[31m
      [36m<div[31m
        [33mclass[31m=[32m"p-6 space-y-6 overflow-y-auto max-h-[calc(90vh-200px)]"[31m
      [36m>[31m
        [36m<div[31m
          [33mclass[31m=[32m"space-y-2"[31m
        [36m>[31m
          [36m<p[31m
            [33mclass[31m=[32m"text-sm font-medium text-foreground"[31m
            [33mid[31m=[32m"radix-_r_2_"[31m
          [36m>[31m
            [0mDescription[0m
          [36m</p>[31m
          [36m<p[31m
            [33mclass[31m=[32m"text-sm text-muted-foreground leading-relaxed"[31m
          [36m>[31m
            [0mThis will create a new file[0m
          [36m</p>[31m
        [36m</div>[31m
        [36m<div[31m
          [33mclass[31m=[32m"p-4 rounded border bg-yellow-500/10 border-yellow-500/30"[31m
        [36m>[31m
          [36m<div[31m
            [33mclass[31m=[32m"flex items-start gap-3"[31m
          [36m>[31m
            [36m<div[31m
              [33mdata-testid[31m=[32m"icon-alert"[31m
            [36m>[31m
              [0mAlert[0m
            [36m</div>[31m
            [36m<div[31m
              [33mclass[31m=[32m"space-y-1"[31m
            [36m>[31m
              [36m<p[31m
                [33mclass[31m=[32m"text-sm font-medium text-foreground"[31m
              [36m>[31m
                [0mWarning[0m
              [36m</p>[31m
              [36m<p[31m
                [33mclass[31m=[32m"text-sm text-muted-foreground"[31m
              [36m>[31m
                [0mThis action cannot be undone[0m
              [36m</p>[31m
            [36m</div>[31m
          [36m</div>[31m
        [36m</div>[31m
      [36m</div>[31m
      [36m<div[31m
        [33mclass[31m=[32m"flex items-center justify-end gap-3 p-6 border-t border-border-dark bg-surface-darker"[31m
      [36m>[31m
        [36m<button[31m
          [33mclass[31m=[32m"px-4 py-2 text-sm font-medium border border-border-dark rounded-none text-muted-foreground hover:text-foreground hover:bg-accent transition-colors disabled:opacity-50 disabled:cursor-not-allowed focus:outline-none focus:ring-2 focus:ring-primary/50"[31m
          [33mtype[31m=[32m"button"[31m
        [36m>[31m
          [36m<div[31m
            [33mclass[31m=[32m"flex items-center gap-2"[31m
          [36m>[31m
            [36m<div[31m
              [33mdata-testid[31m=[32m"icon-x-circle"[31m
            [36m>[31m
              [0mReject[0m
            [36m</div>[31m
            [0mReject[0m
          [36m</div>[31m
        [36m</button>[31m
        [36m<button[31m
          [33mclass[31m=[32m"px-6 py-2 text-sm font-medium border border-primary/20 rounded-none bg-primary text-primary-foreground hover:bg-primary/90 transition-colors disabled:opacity-50 disabled:cursor-not-allowed focus:outline-none focus:ring-2 focus:ring-primary/50 shadow-pixel"[31m
        [36m>[31m
          [36m<div[31m
            [33mclass[31m=[32m"flex items-center gap-2"[31m
          [36m>[31m
            [36m<div[31m
              [33mdata-testid[31m=[32m"icon-check"[31m
            [36m>[31m
              [0mCheck[0m
            [36m</div>[31m
            [0mApprove[0m
          [36m</div>[31m
        [36m</button>[31m
      [36m</div>[31m
    [36m</div>[31m
  [36m</div>[31m
  [36m<span[31m
    [33maria-hidden[31m=[32m"true"[31m
    [33mdata-aria-hidden[31m=[32m"true"[31m
    [33mdata-radix-focus-guard[31m=[32m""[31m
    [33mstyle[31m=[32m"outline: none; opacity: 0; position: fixed; pointer-events: none;"[31m
    [33mtabindex[31m=[32m"0"[31m
  [36m/>[31m
[36m</body>[31m[39m
[31m   [31m├ù[31m ApprovalOverlay[2m > [22mRendering[2m > [22mshould render in inline mode[39m[32m 18[2mms[22m[39m
[31m     ΓåÆ `DialogTitle` must be used within `Dialog`[39m
   [32mΓ£ô[39m ApprovalOverlay[2m > [22mRendering[2m > [22mshould not render when isOpen is false in inline mode[32m 3[2mms[22m[39m
   [32mΓ£ô[39m ApprovalOverlay[2m > [22mRendering[2m > [22mshould render with code preview[32m 67[2mms[22m[39m
   [32mΓ£ô[39m ApprovalOverlay[2m > [22mRendering[2m > [22mshould render with diff preview[32m 61[2mms[22m[39m
[31m   [31m├ù[31m ApprovalOverlay[2m > [22mRendering[2m > [22mshould display correct risk level colors[39m[32m 82[2mms[22m[39m
[31m     ΓåÆ Unable to find an element with the text: High Risk. This could be because the text is broken up by multiple elements. In this case, you can provide a function for your text matcher to make your matcher more flexible.

Ignored nodes: comments, script, style
[36m<body[31m
  [33mdata-scroll-locked[31m=[32m"1"[31m
  [33mstyle[31m=[32m"pointer-events: none;"[31m
[36m>[31m
  [36m<span[31m
    [33maria-hidden[31m=[32m"true"[31m
    [33mdata-aria-hidden[31m=[32m"true"[31m
    [33mdata-radix-focus-guard[31m=[32m""[31m
    [33mstyle[31m=[32m"outline: none; opacity: 0; position: fixed; pointer-events: none;"[31m
    [33mtabindex[31m=[32m"0"[31m
  [36m/>[31m
  [36m<div[31m
    [33maria-hidden[31m=[32m"true"[31m
    [33mdata-aria-hidden[31m=[32m"true"[31m
  [36m/>[31m
  [36m<div[31m
    [33maria-hidden[31m=[32m"true"[31m
    [33mclass[31m=[32m"fixed inset-0 bg-black/50 backdrop-blur-sm z-50"[31m
    [33mdata-aria-hidden[31m=[32m"true"[31m
    [33mdata-state[31m=[32m"open"[31m
    [33mstyle[31m=[32m"pointer-events: auto;"[31m
  [36m/>[31m
  [36m<div[31m
    [33mclass[31m=[32m"fixed inset-0 z-50 flex items-center justify-center p-4"[31m
  [36m>[31m
    [36m<div[31m
      [33maria-describedby[31m=[32m"radix-_r_b_"[31m
      [33maria-labelledby[31m=[32m"radix-_r_a_"[31m
      [33mclass[31m=[32m"relative bg-surface-dark border border-border-dark rounded-none shadow-pixel w-full max-w-4xl max-h-[90vh] mx-auto my-8"[31m
      [33mdata-state[31m=[32m"open"[31m
      [33mid[31m=[32m"radix-_r_9_"[31m
      [33mrole[31m=[32m"dialog"[31m
      [33mstyle[31m=[32m"pointer-events: auto;"[31m
      [33mtabindex[31m=[32m"-1"[31m
    [36m>[31m
      [36m<div[31m
        [33mclass[31m=[32m"flex items-center justify-between p-6 border-b border-border-dark bg-surface-darker"[31m
      [36m>[31m
        [36m<div[31m
          [33mclass[31m=[32m"flex items-center gap-3"[31m
        [36m>[31m
          [36m<div[31m
            [33mclass[31m=[32m"p-2 rounded bg-red-500/10 border-red-500/30 border"[31m
          [36m>[31m
            [36m<div[31m
              [33mdata-testid[31m=[32m"icon-alert"[31m
            [36m>[31m
              [0mAlert[0m
            [36m</div>[31m
          [36m</div>[31m
          [36m<div>[31m
            [36m<h2[31m
              [33mclass[31m=[32m"text-lg font-pixel text-primary uppercase tracking-wider"[31m
              [33mid[31m=[32m"radix-_r_a_"[31m
            [36m>[31m
              [0mApprove Changes[0m
            [36m</h2>[31m
            [36m<p[31m
              [33mclass[31m=[32m"text-sm text-muted-foreground"[31m
            [36m>[31m
              [0mwrite_file[0m
              [0m ΓÇó [0m
              [0mHigh Risk[0m
            [36m</p>[31m
          [36m</div>[31m
        [36m</div>[31m
        [36m<button[31m
          [33maria-label[31m=[32m"Close"[31m
          [33mclass[31m=[32m"p-2 text-muted-foreground hover:text-foreground hover:bg-accent rounded transition-colors"[31m
          [33mtype[31m=[32m"button"[31m
        [36m>[31m
          [36m<div[31m
            [33mdata-testid[31m=[32m"icon-x"[31m
          [36m>[31m
            [0mX[0m
          [36m</div>[31m
        [36m</button>[31m
      [36m</div>[31m
      [36m<div[31m
        [33mclass[31m=[32m"p-6 space-y-6 overflow-y-auto max-h-[calc(90vh-200px)]"[31m
      [36m>[31m
        [36m<div[31m
          [33mclass[31m=[32m"space-y-2"[31m
        [36m>[31m
          [36m<p[31m
            [33mclass[31m=[32m"text-sm font-medium text-foreground"[31m
            [33mid[31m=[32m"radix-_r_b_"[31m
          [36m>[31m
            [0mDescription[0m
          [36m</p>[31m
          [36m<p[31m
            [33mclass[31m=[32m"text-sm text-muted-foreground leading-relaxed"[31m
          [36m>[31m
            [0mThis will create a new file[0m
          [36m</p>[31m
        [36m</div>[31m
        [36m<div[31m
          [33mclass[31m=[32m"p-4 rounded border bg-red-500/10 border-red-500/30"[31m
        [36m>[31m
          [36m<div[31m
            [33mclass[31m=[32m"flex items-start gap-3"[31m
          [36m>[31m
            [36m<div[31m
              [33mdata-testid[31m=[32m"icon-alert"[31m
            [36m>[31m
              [0mAlert[0m
            [36m</div>[31m
            [36m<div[31m
              [33mclass[31m=[32m"space-y-1"[31m
            [36m>[31m
              [36m<p[31m
                [33mclass[31m=[32m"text-sm font-medium text-foreground"[31m
              [36m>[31m
                [0mWarning[0m
              [36m</p>[31m
              [36m<p[31m
                [33mclass[31m=[32m"text-sm text-muted-foreground"[31m
              [36m>[31m
                [0mThis action cannot be undone[0m
              [36m</p>[31m
            [36m</div>[31m
          [36m</div>[31m
        [36m</div>[31m
      [36m</div>[31m
      [36m<div[31m
        [33mclass[31m=[32m"flex items-center justify-end gap-3 p-6 border-t border-border-dark bg-surface-darker"[31m
      [36m>[31m
        [36m<button[31m
          [33mclass[31m=[32m"px-4 py-2 text-sm font-medium border border-border-dark rounded-none text-muted-foreground hover:text-foreground hover:bg-accent transition-colors disabled:opacity-50 disabled:cursor-not-allowed focus:outline-none focus:ring-2 focus:ring-primary/50"[31m
          [33mtype[31m=[32m"button"[31m
        [36m>[31m
          [36m<div[31m
            [33mclass[31m=[32m"flex items-center gap-2"[31m
          [36m>[31m
            [36m<div[31m
              [33mdata-testid[31m=[32m"icon-x-circle"[31m
            [36m>[31m
              [0mReject[0m
            [36m</div>[31m
            [0mReject[0m
          [36m</div>[31m
        [36m</button>[31m
        [36m<button[31m
          [33mclass[31m=[32m"px-6 py-2 text-sm font-medium border border-primary/20 rounded-none bg-primary text-primary-foreground hover:bg-primary/90 transition-colors disabled:opacity-50 disabled:cursor-not-allowed focus:outline-none focus:ring-2 focus:ring-primary/50 shadow-pixel"[31m
        [36m>[31m
          [36m<div[31m
            [33mclass[31m=[32m"flex items-center gap-2"[31m
          [36m>[31m
            [36m<div[31m
              [33mdata-testid[31m=[32m"icon-check"[31m
            [36m>[31m
              [0mCheck[0m
            [36m</div>[31m
            [0mApprove[0m
          [36m</div>[31m
        [36m</button>[31m
      [36m</div>[31m
    [36m</div>[31m
  [36m</div>[31m
  [36m<span[31m
    [33maria-hidden[31m=[32m"true"[31m
    [33mdata-aria-hidden[31m=[32m"true"[31m
    [33mdata-radix-focus-guard[31m=[32m""[31m
    [33mstyle[31m=[32m"outline: none; opacity: 0; position: fixed; pointer-events: none;"[31m
    [33mtabindex[31m=[32m"0"[31m
  [36m/>[31m
[36m</body>[31m[39m
   [32mΓ£ô[39m ApprovalOverlay[2m > [22mInteractions[2m > [22mshould call onApprove when approve button is clicked[32m 58[2mms[22m[39m
[31m   [31m├ù[31m ApprovalOverlay[2m > [22mInteractions[2m > [22mshould call onReject when reject button is clicked[39m[32m 54[2mms[22m[39m
[31m     ΓåÆ Found multiple elements with the text: Reject

Here are the matching elements:

Ignored nodes: comments, script, style
[36m<div[31m
  [33mclass[31m=[32m"flex items-center gap-2"[31m
[36m>[31m
  [36m<div[31m
    [33mdata-testid[31m=[32m"icon-x-circle"[31m
  [36m>[31m
    [0mReject[0m
  [36m</div>[31m
  [0mReject[0m
[36m</div>[31m

Ignored nodes: comments, script, style
[36m<div[31m
  [33mdata-testid[31m=[32m"icon-x-circle"[31m
[36m>[31m
  [0mReject[0m
[36m</div>[31m

(If this is intentional, then use the `*AllBy*` variant of the query (like `queryAllByText`, `getAllByText`, or `findAllByText`)).

Ignored nodes: comments, script, style
[36m<body[31m
  [33mdata-scroll-locked[31m=[32m"1"[31m
  [33mstyle[31m=[32m"pointer-events: none;"[31m
[36m>[31m
  [36m<span[31m
    [33maria-hidden[31m=[32m"true"[31m
    [33mdata-aria-hidden[31m=[32m"true"[31m
    [33mdata-radix-focus-guard[31m=[32m""[31m
    [33mstyle[31m=[32m"outline: none; opacity: 0; position: fixed; pointer-events: none;"[31m
    [33mtabindex[31m=[32m"0"[31m
  [36m/>[31m
  [36m<div[31m
    [33maria-hidden[31m=[32m"true"[31m
    [33mdata-aria-hidden[31m=[32m"true"[31m
  [36m/>[31m
  [36m<div[31m
    [33maria-hidden[31m=[32m"true"[31m
    [33mclass[31m=[32m"fixed inset-0 bg-black/50 backdrop-blur-sm z-50"[31m
    [33mdata-aria-hidden[31m=[32m"true"[31m
    [33mdata-state[31m=[32m"open"[31m
    [33mstyle[31m=[32m"pointer-events: auto;"[31m
  [36m/>[31m
  [36m<div[31m
    [33mclass[31m=[32m"fixed inset-0 z-50 flex items-center justify-center p-4"[31m
  [36m>[31m
    [36m<div[31m
      [33maria-describedby[31m=[32m"radix-_r_h_"[31m
      [33maria-labelledby[31m=[32m"radix-_r_g_"[31m
      [33mclass[31m=[32m"relative bg-surface-dark border border-border-dark rounded-none shadow-pixel w-full max-w-4xl max-h-[90vh] mx-auto my-8"[31m
      [33mdata-state[31m=[32m"open"[31m
      [33mid[31m=[32m"radix-_r_f_"[31m
      [33mrole[31m=[32m"dialog"[31m
      [33mstyle[31m=[32m"pointer-events: auto;"[31m
      [33mtabindex[31m=[32m"-1"[31m
    [36m>[31m
      [36m<div[31m
        [33mclass[31m=[32m"flex items-center justify-between p-6 border-b border-border-dark bg-surface-darker"[31m
      [36m>[31m
        [36m<div[31m
          [33mclass[31m=[32m"flex items-center gap-3"[31m
        [36m>[31m
          [36m<div[31m
            [33mclass[31m=[32m"p-2 rounded bg-yellow-500/10 border-yellow-500/30 border"[31m
          [36m>[31m
            [36m<div[31m
              [33mdata-testid[31m=[32m"icon-alert"[31m
            [36m>[31m
              [0mAlert[0m
            [36m</div>[31m
          [36m</div>[31m
          [36m<div>[31m
            [36m<h2[31m
              [33mclass[31m=[32m"text-lg font-pixel text-primary uppercase tracking-wider"[31m
              [33mid[31m=[32m"radix-_r_g_"[31m
            [36m>[31m
              [0mApprove Changes[0m
            [36m</h2>[31m
            [36m<p[31m
              [33mclass[31m=[32m"text-sm text-muted-foreground"[31m
            [36m>[31m
              [0mwrite_file[0m
              [0m ΓÇó [0m
              [0mMedium Risk[0m
            [36m</p>[31m
          [36m</div>[31m
        [36m</div>[31m
        [36m<button[31m
          [33maria-label[31m=[32m"Close"[31m
          [33mclass[31m=[32m"p-2 text-muted-foreground hover:text-foreground hover:bg-accent rounded transition-colors"[31m
          [33mtype[31m=[32m"button"[31m
        [36m>[31m
          [36m<div[31m
            [33mdata-testid[31m=[32m"icon-x"[31m
          [36m>[31m
            [0mX[0m
          [36m</div>[31m
        [36m</button>[31m
      [36m</div>[31m
      [36m<div[31m
        [33mclass[31m=[32m"p-6 space-y-6 overflow-y-auto max-h-[calc(90vh-200px)]"[31m
      [36m>[31m
        [36m<div[31m
          [33mclass[31m=[32m"space-y-2"[31m
        [36m>[31m
          [36m<p[31m
            [33mclass[31m=[32m"text-sm font-medium text-foreground"[31m
            [33mid[31m=[32m"radix-_r_h_"[31m
          [36m>[31m
            [0mDescription[0m
          [36m</p>[31m
          [36m<p[31m
            [33mclass[31m=[32m"text-sm text-muted-foreground leading-relaxed"[31m
          [36m>[31m
            [0mThis will create a new file[0m
          [36m</p>[31m
        [36m</div>[31m
        [36m<div[31m
          [33mclass[31m=[32m"p-4 rounded border bg-yellow-500/10 border-yellow-500/30"[31m
        [36m>[31m
          [36m<div[31m
            [33mclass[31m=[32m"flex items-start gap-3"[31m
          [36m>[31m
            [36m<div[31m
              [33mdata-testid[31m=[32m"icon-alert"[31m
            [36m>[31m
              [0mAlert[0m
            [36m</div>[31m
            [36m<div[31m
              [33mclass[31m=[32m"space-y-1"[31m
            [36m>[31m
              [36m<p[31m
                [33mclass[31m=[32m"text-sm font-medium text-foreground"[31m
              [36m>[31m
                [0mWarning[0m
              [36m</p>[31m
              [36m<p[31m
                [33mclass[31m=[32m"text-sm text-muted-foreground"[31m
              [36m>[31m
                [0mThis action cannot be undone[0m
              [36m</p>[31m
            [36m</div>[31m
          [36m</div>[31m
        [36m</div>[31m
      [36m</div>[31m
      [36m<div[31m
        [33mclass[31m=[32m"flex items-center justify-end gap-3 p-6 border-t border-border-dark bg-surface-darker"[31m
      [36m>[31m
        [36m<button[31m
          [33mclass[31m=[32m"px-4 py-2 text-sm font-medium border border-border-dark rounded-none text-muted-foreground hover:text-foreground hover:bg-accent transition-colors disabled:opacity-50 disabled:cursor-not-allowed focus:outline-none focus:ring-2 focus:ring-primary/50"[31m
          [33mtype[31m=[32m"button"[31m
        [36m>[31m
          [36m<div[31m
            [33mclass[31m=[32m"flex items-center gap-2"[31m
          [36m>[31m
            [36m<div[31m
              [33mdata-testid[31m=[32m"icon-x-circle"[31m
            [36m>[31m
              [0mReject[0m
            [36m</div>[31m
            [0mReject[0m
          [36m</div>[31m
        [36m</button>[31m
        [36m<button[31m
          [33mclass[31m=[32m"px-6 py-2 text-sm font-medium border border-primary/20 rounded-none bg-primary text-primary-foreground hover:bg-primary/90 transition-colors disabled:opacity-50 disabled:cursor-not-allowed focus:outline-none focus:ring-2 focus:ring-primary/50 shadow-pixel"[31m
        [36m>[31m
          [36m<div[31m
            [33mclass[31m=[32m"flex items-center gap-2"[31m
          [36m>[31m
            [36m<div[31m
              [33mdata-testid[31m=[32m"icon-check"[31m
            [36m>[31m
              [0mCheck[0m
            [36m</div>[31m
            [0mApprove[0m
          [36m</div>[31m
        [36m</button>[31m
      [36m</div>[31m
    [36m</div>[31m
  [36m</div>[31m
  [36m<span[31m
    [33maria-hidden[31m=[32m"true"[31m
    [33mdata-aria-hidden[31m=[32m"true"[31m
    [33mdata-radix-focus-guard[31m=[32m""[31m
    [33mstyle[31m=[32m"outline: none; opacity: 0; position: fixed; pointer-events: none;"[31m
    [33mtabindex[31m=[32m"0"[31m
  [36m/>[31m
[36m</body>[31m[39m
   [32mΓ£ô[39m ApprovalOverlay[2m > [22mInteractions[2m > [22mshould handle keyboard shortcuts[32m 56[2mms[22m[39m
   [32mΓ£ô[39m ApprovalOverlay[2m > [22mMode Switching[2m > [22mshould render in fullscreen mode by default[32m 55[2mms[22m[39m
[31m   [31m├ù[31m ApprovalOverlay[2m > [22mMode Switching[2m > [22mshould render in inline mode when specified[39m[32m 5[2mms[22m[39m
[31m     ΓåÆ `DialogTitle` must be used within `Dialog`[39m
   [32mΓ£ô[39m ApprovalOverlay[2m > [22mIntegration[2m > [22mshould properly integrate with CodeBlock component[32m 47[2mms[22m[39m
   [32mΓ£ô[39m ApprovalOverlay[2m > [22mIntegration[2m > [22mshould properly integrate with DiffPreview component[32m 49[2mms[22m[39m
   [32mΓ£ô[39m ApprovalOverlay[2m > [22mAccessibility[2m > [22mshould have proper ARIA labels[32m 55[2mms[22m[39m
   [32mΓ£ô[39m ApprovalOverlay[2m > [22mAccessibility[2m > [22mshould have close button with aria-label[32m 49[2mms[22m[39m

[31mΓÄ»ΓÄ»ΓÄ»ΓÄ»ΓÄ»ΓÄ»ΓÄ»[3
9m[1m[41m Failed Tests 5 [
49m[22m[31mΓÄ»ΓÄ»ΓÄ»ΓÄ»ΓÄ»Γ
Ä»ΓÄ»[39m

[41m[1m FAIL [22m[49m src
/components/chat/__tests__/Ap
provalOverlay.test.tsx[2m > 
[22mApprovalOverlay[2m > 
[22mRendering[2m > 
[22mshould render with 
basic props in fullscreen 
mode
[31m[1mTestingLibraryElemen
tError[22m[39m: Found 
multiple elements with the 
text: Reject

Here are the matching 
elements:

Ignored nodes: comments, 
script, style
[36m<div[39m
  [33mclass[39m=[32m"flex 
items-center gap-2"[39m
[36m>[39m
  [36m<div[39m
    [33mdata-testid[39m=[3
2m"icon-x-circle"[39m
  [36m>[39m
    [0mReject[0m
  [36m</div>[39m
  [0mReject[0m
[36m</div>[39m

Ignored nodes: comments, 
script, style
[36m<div[39m
  [33mdata-testid[39m=[32m
"icon-x-circle"[39m
[36m>[39m
  [0mReject[0m
[36m</div>[39m

(If this is intentional, 
then use the `*AllBy*` 
variant of the query (like 
`queryAllByText`, 
`getAllByText`, or 
`findAllByText`)).

Ignored nodes: comments, 
script, style
[36m<body[39m
  [33mdata-scroll-locked[39
m=[32m"1"[39m
  [33mstyle[39m=[32m"point
er-events: none;"[39m
[36m>[39m
  [36m<span[39m
    [33maria-hidden[39m=[3
2m"true"[39m
    [33mdata-aria-hidden[39
m=[32m"true"[39m
    [33mdata-radix-focus-gua
rd[39m=[32m""[39m
    [33mstyle[39m=[32m"out
line: none; opacity: 0; 
position: fixed; 
pointer-events: none;"[39m
    [33mtabindex[39m=[32m"
0"[39m
  [36m/>[39m
  [36m<div[39m
    [33maria-hidden[39m=[3
2m"true"[39m
    [33mdata-aria-hidden[39
m=[32m"true"[39m
  [36m/>[39m
  [36m<div[39m
    [33maria-hidden[39m=[3
2m"true"[39m
    
[33mclass[39m=[32m"fixed 
inset-0 bg-black/50 
backdrop-blur-sm z-50"[39m
    [33mdata-aria-hidden[39
m=[32m"true"[39m
    [33mdata-state[39m=[32
m"open"[39m
    [33mstyle[39m=[32m"poi
nter-events: auto;"[39m
  [36m/>[39m
  [36m<div[39m
    
[33mclass[39m=[32m"fixed 
inset-0 z-50 flex 
items-center justify-center 
p-4"[39m
  [36m>[39m
    [36m<div[39m
      [33maria-describedby[
39m=[32m"radix-_r_2_"[39m
      [33maria-labelledby[3
9m=[32m"radix-_r_1_"[39m
      [33mclass[39m=[32m"r
elative bg-surface-dark 
border border-border-dark 
rounded-none shadow-pixel 
w-full max-w-4xl 
max-h-[90vh] mx-auto 
my-8"[39m
      [33mdata-state[39m=[
32m"open"[39m
      [33mid[39m=[32m"radi
x-_r_0_"[39m
      [33mrole[39m=[32m"di
alog"[39m
      [33mstyle[39m=[32m"p
ointer-events: auto;"[39m
      [33mtabindex[39m=[32
m"-1"[39m
    [36m>[39m
      [36m<div[39m
        
[33mclass[39m=[32m"flex 
items-center justify-between 
p-6 border-b 
border-border-dark 
bg-surface-darker"[39m
      [36m>[39m
        [36m<div[39m
          
[33mclass[39m=[32m"flex 
items-center gap-3"[39m
        [36m>[39m
          [36m<div[39m
            
[33mclass[39m=[32m"p-2 
rounded bg-yellow-500/10 
border-yellow-500/30 
border"[39m
          [36m>[39m
            [36m<div[39m
              [33mdata-testi
d[39m=[32m"icon-alert"[39m
            [36m>[39m
              [0mAlert[0m
            [36m</div>[39m
          [36m</div>[39m
          [36m<div>[39m
            [36m<h2[39m
              [33mclass[39m
=[32m"text-lg font-pixel 
text-primary uppercase 
tracking-wider"[39m
              [33mid[39m=[
32m"radix-_r_1_"[39m
            [36m>[39m
              [0mApprove 
Changes[0m
            [36m</h2>[39m
            [36m<p[39m
              [33mclass[39m
=[32m"text-sm 
text-muted-foreground"[39m
            [36m>[39m
              
[0mwrite_file[0m
              [0m ΓÇó [0m
              [0mMedium 
Risk[0m
            [36m</p>[39m
          [36m</div>[39m
        [36m</div>[39m
        [36m<button[39m
          [33maria-label[39
m=[32m"Close"[39m
          
[33mclass[39m=[32m"p-2 
text-muted-foreground 
hover:text-foreground 
hover:bg-accent rounded 
transition-colors"[39m
          [33mtype[39m=[32
m"button"[39m
        [36m>[39m
          [36m<div[39m
            [33mdata-testid
[39m=[32m"icon-x"[39m
          [36m>[39m
            [0mX[0m
          [36m</div>[39m
        [36m</button>[39m
      [36m</div>[39m
      [36m<div[39m
        
[33mclass[39m=[32m"p-6 
space-y-6 overflow-y-auto max
-h-[calc(90vh-200px)]"[39m
      [36m>[39m
        [36m<div[39m
          [33mclass[39m=[3
2m"space-y-2"[39m
        [36m>[39m
          [36m<p[39m
            [33mclass[39m=
[32m"text-sm font-medium 
text-foreground"[39m
            [33mid[39m=[32
m"radix-_r_2_"[39m
          [36m>[39m
            
[0mDescription[0m
          [36m</p>[39m
          [36m<p[39m
            [33mclass[39m=
[32m"text-sm 
text-muted-foreground 
leading-relaxed"[39m
          [36m>[39m
            [0mThis will 
create a new file[0m
          [36m</p>[39m
        [36m</div>[39m
        [36m<div[39m
          
[33mclass[39m=[32m"p-4 
rounded border 
bg-yellow-500/10 
border-yellow-500/30"[39m
        [36m>[39m
          [36m<div[39m
            
[33mclass[39m=[32m"flex 
items-start gap-3"[39m
          [36m>[39m
            [36m<div[39m
              [33mdata-testi
d[39m=[32m"icon-alert"[39m
            [36m>[39m
              [0mAlert[0m
            [36m</div>[39m
            [36m<div[39m
              [33mclass[39m
=[32m"space-y-1"[39m
            [36m>[39m
              [36m<p[39m
                [33mclass[3
9m=[32m"text-sm font-medium 
text-foreground"[39m
              [36m>[39m
                
[0mWarning[0m
              [36m</p>[39m
              [36m<p[39m
                [33mclass[3
9m=[32m"text-sm 
text-muted-foreground"[39m
              [36m>[39m
                [0mThis 
action cannot be undone[0m
              [36m</p>[39m
            [36m</div>[39m
          [36m</div>[39m
        [36m</div>[39m
      [36m</div>[39m
      [36m<div[39m
        
[33mclass[39m=[32m"flex 
items-center justify-end 
gap-3 p-6 border-t 
border-border-dark 
bg-surface-darker"[39m
      [36m>[39m
        [36m<button[39m
          
[33mclass[39m=[32m"px-4 
py-2 text-sm font-medium 
border border-border-dark 
rounded-none 
text-muted-foreground 
hover:text-foreground 
hover:bg-accent 
transition-colors 
disabled:opacity-50 
disabled:cursor-not-allowed 
focus:outline-none 
focus:ring-2 
focus:ring-primary/50"[39m
          [33mtype[39m=[32
m"button"[39m
        [36m>[39m
          [36m<div[39m
            
[33mclass[39m=[32m"flex 
items-center gap-2"[39m
          [36m>[39m
            [36m<div[39m
              [33mdata-testi
d[39m=[32m"icon-x-circle"[
39m
            [36m>[39m
              [0mReject[0m
            [36m</div>[39m
            [0mReject[0m
          [36m</div>[39m
        [36m</button>[39m
        [36m<button[39m
          
[33mclass[39m=[32m"px-6 
py-2 text-sm font-medium 
border border-primary/20 
rounded-none bg-primary 
text-primary-foreground 
hover:bg-primary/90 
transition-colors 
disabled:opacity-50 
disabled:cursor-not-allowed 
focus:outline-none 
focus:ring-2 
focus:ring-primary/50 
shadow-pixel"[39m
        [36m>[39m
          [36m<div[39m
            
[33mclass[39m=[32m"flex 
items-center gap-2"[39m
          [36m>[39m
            [36m<div[39m
              [33mdata-testi
d[39m=[32m"icon-check"[39m
            [36m>[39m
              [0mCheck[0m
            [36m</div>[39m
            [0mApprove[0m
          [36m</div>[39m
        [36m</button>[39m
      [36m</div>[39m
    [36m</div>[39m
  [36m</div>[39m
  [36m<span[39m
    [33maria-hidden[39m=[3
2m"true"[39m
    [33mdata-aria-hidden[39
m=[32m"true"[39m
    [33mdata-radix-focus-gua
rd[39m=[32m""[39m
    [33mstyle[39m=[32m"out
line: none; opacity: 0; 
position: fixed; 
pointer-events: none;"[39m
    [33mtabindex[39m=[32m"
0"[39m
  [36m/>[39m
[36m</body>[39m
[90m [2mΓ¥»[22m 
Object.getElementError node_m
odules/.pnpm/@testing-library
+dom@10.4.1/node_modules/@tes
ting-library/dom/dist/config.
js:[2m37:19[22m[39m
[90m [2mΓ¥»[22m 
getElementError node_modules/
.pnpm/@testing-library+dom@10
.4.1/node_modules/@testing-li
brary/dom/dist/query-helpers.
js:[2m20:35[22m[39m
[90m [2mΓ¥»[22m getMultipl
eElementsFoundError node_modu
les/.pnpm/@testing-library+do
m@10.4.1/node_modules/@testin
g-library/dom/dist/query-help
ers.js:[2m23:10[22m[39m
[90m [2mΓ¥»[22m node_modul
es/.pnpm/@testing-library+dom
@10.4.1/node_modules/@testing
-library/dom/dist/query-helpe
rs.js:[2m55:13[22m[39m
[90m [2mΓ¥»[22m node_modul
es/.pnpm/@testing-library+dom
@10.4.1/node_modules/@testing
-library/dom/dist/query-helpe
rs.js:[2m95:19[22m[39m
[36m [2mΓ¥»[22m src/compon
ents/chat/__tests__/ApprovalO
verlay.test.tsx:[2m104:27[2
2m[39m
    [90m102| [39m          
  expect(screen.getByText('Th
is will create a new 
file')).toΓÇª
    [90m103| [39m          
  [34mexpect[39m(screen[33
m.[39m[34mgetByText[39m([
32m'Approve'[39m))[33m.[39
m[34mtoBeInTheDocument[39m(
)[33m;[39m
    [90m104| [39m          
  [34mexpect[39m(screen[33
m.[39m[34mgetByText[39m([
32m'Reject'[39m))[33m.[39m
[34mtoBeInTheDocument[39m()
[33m;[39m
    [90m   | [39m          
                [31m^[39m
    [90m105| [39m        
})[33m;[39m
    [90m106| [39m

[31m[2mΓÄ»ΓÄ»ΓÄ»ΓÄ»ΓÄ»ΓÄ»ΓÄ
»ΓÄ»ΓÄ»ΓÄ»ΓÄ»ΓÄ»ΓÄ»ΓÄ»ΓÄ»ΓÄ»Γ
Ä»ΓÄ»ΓÄ»ΓÄ»ΓÄ»ΓÄ»ΓÄ»ΓÄ»[1/5]Γ
Ä»[22m[39m

[41m[1m FAIL [22m[49m src
/components/chat/__tests__/Ap
provalOverlay.test.tsx[2m > 
[22mApprovalOverlay[2m > 
[22mRendering[2m > 
[22mshould render in inline 
mode
[41m[1m FAIL [22m[49m src
/components/chat/__tests__/Ap
provalOverlay.test.tsx[2m > 
[22mApprovalOverlay[2m > 
[22mMode Switching[2m > 
[22mshould render in inline 
mode when specified
[31m[1mError[22m: 
`DialogTitle` must be used 
within `Dialog`[39m
[90m [2mΓ¥»[22m 
useContext2 node_modules/.pnp
m/@radix-ui+react-context@1.1
_5c7919b7436bbdbdadd13b687a94
4595/node_modules/@radix-ui/r
eact-context/src/create-conte
xt.tsx:[2m75:13[22m[39m
[90m [2mΓ¥»[22m 
DialogTitle node_modules/.pnp
m/@radix-ui+react-dialog@1.1.
_66d7d575cbd072ce29e52afb8908
5e9d/node_modules/@radix-ui/r
eact-dialog/src/dialog.tsx:[
2m439:21[22m[39m
[90m [2mΓ¥»[22m Object.rea
ct_stack_bottom_frame node_mo
dules/.pnpm/react-dom@19.2.3_
react@19.2.3/node_modules/rea
ct-dom/cjs/react-dom-client.d
evelopment.js:[2m25904:20[2
2m[39m
[90m [2mΓ¥»[22m 
renderWithHooks node_modules/
.pnpm/react-dom@19.2.3_react@
19.2.3/node_modules/react-dom
/cjs/react-dom-client.develop
ment.js:[2m7662:22[22m[39m
[90m [2mΓ¥»[22m 
updateForwardRef node_modules
/.pnpm/react-dom@19.2.3_react
@19.2.3/node_modules/react-do
m/cjs/react-dom-client.develo
pment.js:[2m9724:19[22m[39
m
[90m [2mΓ¥»[22m beginWork 
node_modules/.pnpm/react-dom@
19.2.3_react@19.2.3/node_modu
les/react-dom/cjs/react-dom-c
lient.development.js:[2m1211
7:18[22m[39m
[90m [2mΓ¥»[22m 
runWithFiberInDEV node_module
s/.pnpm/react-dom@19.2.3_reac
t@19.2.3/node_modules/react-d
om/cjs/react-dom-client.devel
opment.js:[2m874:13[22m[39
m
[90m [2mΓ¥»[22m 
performUnitOfWork node_module
s/.pnpm/react-dom@19.2.3_reac
t@19.2.3/node_modules/react-d
om/cjs/react-dom-client.devel
opment.js:[2m17641:22[22m[
39m
[90m [2mΓ¥»[22m 
workLoopSync node_modules/.pn
pm/react-dom@19.2.3_react@19.
2.3/node_modules/react-dom/cj
s/react-dom-client.developmen
t.js:[2m17469:41[22m[39m
[90m [2mΓ¥»[22m 
renderRootSync node_modules/.
pnpm/react-dom@19.2.3_react@1
9.2.3/node_modules/react-dom/
cjs/react-dom-client.developm
ent.js:[2m17450:11[22m[39m

[31m[2mΓÄ»ΓÄ»ΓÄ»ΓÄ»ΓÄ»ΓÄ»ΓÄ
»ΓÄ»ΓÄ»ΓÄ»ΓÄ»ΓÄ»ΓÄ»ΓÄ»ΓÄ»ΓÄ»Γ
Ä»ΓÄ»ΓÄ»ΓÄ»ΓÄ»ΓÄ»ΓÄ»ΓÄ»[2/5]Γ
Ä»[22m[39m

[41m[1m FAIL [22m[49m src
/components/chat/__tests__/Ap
provalOverlay.test.tsx[2m > 
[22mApprovalOverlay[2m > 
[22mRendering[2m > 
[22mshould display correct 
risk level colors
[31m[1mTestingLibraryElemen
tError[22m[39m: Unable to 
find an element with the 
text: High Risk. This could 
be because the text is 
broken up by multiple 
elements. In this case, you 
can provide a function for 
your text matcher to make 
your matcher more flexible.

Ignored nodes: comments, 
script, style
[36m<body[39m
  [33mdata-scroll-locked[39
m=[32m"1"[39m
  [33mstyle[39m=[32m"point
er-events: none;"[39m
[36m>[39m
  [36m<span[39m
    [33maria-hidden[39m=[3
2m"true"[39m
    [33mdata-aria-hidden[39
m=[32m"true"[39m
    [33mdata-radix-focus-gua
rd[39m=[32m""[39m
    [33mstyle[39m=[32m"out
line: none; opacity: 0; 
position: fixed; 
pointer-events: none;"[39m
    [33mtabindex[39m=[32m"
0"[39m
  [36m/>[39m
  [36m<div[39m
    [33maria-hidden[39m=[3
2m"true"[39m
    [33mdata-aria-hidden[39
m=[32m"true"[39m
  [36m/>[39m
  [36m<div[39m
    [33maria-hidden[39m=[3
2m"true"[39m
    
[33mclass[39m=[32m"fixed 
inset-0 bg-black/50 
backdrop-blur-sm z-50"[39m
    [33mdata-aria-hidden[39
m=[32m"true"[39m
    [33mdata-state[39m=[32
m"open"[39m
    [33mstyle[39m=[32m"poi
nter-events: auto;"[39m
  [36m/>[39m
  [36m<div[39m
    
[33mclass[39m=[32m"fixed 
inset-0 z-50 flex 
items-center justify-center 
p-4"[39m
  [36m>[39m
    [36m<div[39m
      [33maria-describedby[
39m=[32m"radix-_r_b_"[39m
      [33maria-labelledby[3
9m=[32m"radix-_r_a_"[39m
      [33mclass[39m=[32m"r
elative bg-surface-dark 
border border-border-dark 
rounded-none shadow-pixel 
w-full max-w-4xl 
max-h-[90vh] mx-auto 
my-8"[39m
      [33mdata-state[39m=[
32m"open"[39m
      [33mid[39m=[32m"radi
x-_r_9_"[39m
      [33mrole[39m=[32m"di
alog"[39m
      [33mstyle[39m=[32m"p
ointer-events: auto;"[39m
      [33mtabindex[39m=[32
m"-1"[39m
    [36m>[39m
      [36m<div[39m
        
[33mclass[39m=[32m"flex 
items-center justify-between 
p-6 border-b 
border-border-dark 
bg-surface-darker"[39m
      [36m>[39m
        [36m<div[39m
          
[33mclass[39m=[32m"flex 
items-center gap-3"[39m
        [36m>[39m
          [36m<div[39m
            
[33mclass[39m=[32m"p-2 
rounded bg-red-500/10 
border-red-500/30 
border"[39m
          [36m>[39m
            [36m<div[39m
              [33mdata-testi
d[39m=[32m"icon-alert"[39m
            [36m>[39m
              [0mAlert[0m
            [36m</div>[39m
          [36m</div>[39m
          [36m<div>[39m
            [36m<h2[39m
              [33mclass[39m
=[32m"text-lg font-pixel 
text-primary uppercase 
tracking-wider"[39m
              [33mid[39m=[
32m"radix-_r_a_"[39m
            [36m>[39m
              [0mApprove 
Changes[0m
            [36m</h2>[39m
            [36m<p[39m
              [33mclass[39m
=[32m"text-sm 
text-muted-foreground"[39m
            [36m>[39m
              
[0mwrite_file[0m
              [0m ΓÇó [0m
              [0mHigh 
Risk[0m
            [36m</p>[39m
          [36m</div>[39m
        [36m</div>[39m
        [36m<button[39m
          [33maria-label[39
m=[32m"Close"[39m
          
[33mclass[39m=[32m"p-2 
text-muted-foreground 
hover:text-foreground 
hover:bg-accent rounded 
transition-colors"[39m
          [33mtype[39m=[32
m"button"[39m
        [36m>[39m
          [36m<div[39m
            [33mdata-testid
[39m=[32m"icon-x"[39m
          [36m>[39m
            [0mX[0m
          [36m</div>[39m
        [36m</button>[39m
      [36m</div>[39m
      [36m<div[39m
        
[33mclass[39m=[32m"p-6 
space-y-6 overflow-y-auto max
-h-[calc(90vh-200px)]"[39m
      [36m>[39m
        [36m<div[39m
          [33mclass[39m=[3
2m"space-y-2"[39m
        [36m>[39m
          [36m<p[39m
            [33mclass[39m=
[32m"text-sm font-medium 
text-foreground"[39m
            [33mid[39m=[32
m"radix-_r_b_"[39m
          [36m>[39m
            
[0mDescription[0m
          [36m</p>[39m
          [36m<p[39m
            [33mclass[39m=
[32m"text-sm 
text-muted-foreground 
leading-relaxed"[39m
          [36m>[39m
            [0mThis will 
create a new file[0m
          [36m</p>[39m
        [36m</div>[39m
        [36m<div[39m
          
[33mclass[39m=[32m"p-4 
rounded border bg-red-500/10 
border-red-500/30"[39m
        [36m>[39m
          [36m<div[39m
            
[33mclass[39m=[32m"flex 
items-start gap-3"[39m
          [36m>[39m
            [36m<div[39m
              [33mdata-testi
d[39m=[32m"icon-alert"[39m
            [36m>[39m
              [0mAlert[0m
            [36m</div>[39m
            [36m<div[39m
              [33mclass[39m
=[32m"space-y-1"[39m
            [36m>[39m
              [36m<p[39m
                [33mclass[3
9m=[32m"text-sm font-medium 
text-foreground"[39m
              [36m>[39m
                
[0mWarning[0m
              [36m</p>[39m
              [36m<p[39m
                [33mclass[3
9m=[32m"text-sm 
text-muted-foreground"[39m
              [36m>[39m
                [0mThis 
action cannot be undone[0m
              [36m</p>[39m
            [36m</div>[39m
          [36m</div>[39m
        [36m</div>[39m
      [36m</div>[39m
      [36m<div[39m
        
[33mclass[39m=[32m"flex 
items-center justify-end 
gap-3 p-6 border-t 
border-border-dark 
bg-surface-darker"[39m
      [36m>[39m
        [36m<button[39m
          
[33mclass[39m=[32m"px-4 
py-2 text-sm font-medium 
border border-border-dark 
rounded-none 
text-muted-foreground 
hover:text-foreground 
hover:bg-accent 
transition-colors 
disabled:opacity-50 
disabled:cursor-not-allowed 
focus:outline-none 
focus:ring-2 
focus:ring-primary/50"[39m
          [33mtype[39m=[32
m"button"[39m
        [36m>[39m
          [36m<div[39m
            
[33mclass[39m=[32m"flex 
items-center gap-2"[39m
          [36m>[39m
            [36m<div[39m
              [33mdata-testi
d[39m=[32m"icon-x-circle"[
39m
            [36m>[39m
              [0mReject[0m
            [36m</div>[39m
            [0mReject[0m
          [36m</div>[39m
        [36m</button>[39m
        [36m<button[39m
          
[33mclass[39m=[32m"px-6 
py-2 text-sm font-medium 
border border-primary/20 
rounded-none bg-primary 
text-primary-foreground 
hover:bg-primary/90 
transition-colors 
disabled:opacity-50 
disabled:cursor-not-allowed 
focus:outline-none 
focus:ring-2 
focus:ring-primary/50 
shadow-pixel"[39m
        [36m>[39m
          [36m<div[39m
            
[33mclass[39m=[32m"flex 
items-center gap-2"[39m
          [36m>[39m
            [36m<div[39m
              [33mdata-testi
d[39m=[32m"icon-check"[39m
            [36m>[39m
              [0mCheck[0m
            [36m</div>[39m
            [0mApprove[0m
          [36m</div>[39m
        [36m</button>[39m
      [36m</div>[39m
    [36m</div>[39m
  [36m</div>[39m
  [36m<span[39m
    [33maria-hidden[39m=[3
2m"true"[39m
    [33mdata-aria-hidden[39
m=[32m"true"[39m
    [33mdata-radix-focus-gua
rd[39m=[32m""[39m
    [33mstyle[39m=[32m"out
line: none; opacity: 0; 
position: fixed; 
pointer-events: none;"[39m
    [33mtabindex[39m=[32m"
0"[39m
  [36m/>[39m
[36m</body>[39m
[90m [2mΓ¥»[22m 
Object.getElementError node_m
odules/.pnpm/@testing-library
+dom@10.4.1/node_modules/@tes
ting-library/dom/dist/config.
js:[2m37:19[22m[39m
[90m [2mΓ¥»[22m node_modul
es/.pnpm/@testing-library+dom
@10.4.1/node_modules/@testing
-library/dom/dist/query-helpe
rs.js:[2m76:38[22m[39m
[90m [2mΓ¥»[22m node_modul
es/.pnpm/@testing-library+dom
@10.4.1/node_modules/@testing
-library/dom/dist/query-helpe
rs.js:[2m52:17[22m[39m
[90m [2mΓ¥»[22m node_modul
es/.pnpm/@testing-library+dom
@10.4.1/node_modules/@testing
-library/dom/dist/query-helpe
rs.js:[2m95:19[22m[39m
[36m [2mΓ¥»[22m src/compon
ents/chat/__tests__/ApprovalO
verlay.test.tsx:[2m153:27[2
2m[39m
    [90m151| [39m
    [90m152| [39m          
  rerender(<ApprovalOverlay 
{...defaultProps} 
riskLevel="higΓÇª
    [90m153| [39m          
  [34mexpect[39m(screen[33
m.[39m[34mgetByText[39m([
32m'High Risk'[39m))[33m.[
39m[34mtoBeInTheDocument[39
m()[33m;[39m
    [90m   | [39m          
                [31m^[39m
    [90m154| [39m        
})[33m;[39m
    [90m155| [39m    
})[33m;[39m

[31m[2mΓÄ»ΓÄ»ΓÄ»ΓÄ»ΓÄ»ΓÄ»ΓÄ
»ΓÄ»ΓÄ»ΓÄ»ΓÄ»ΓÄ»ΓÄ»ΓÄ»ΓÄ»ΓÄ»Γ
Ä»ΓÄ»ΓÄ»ΓÄ»ΓÄ»ΓÄ»ΓÄ»ΓÄ»[3/5]Γ
Ä»[22m[39m

[41m[1m FAIL [22m[49m src
/components/chat/__tests__/Ap
provalOverlay.test.tsx[2m > 
[22mApprovalOverlay[2m > 
[22mInteractions[2m > 
[22mshould call onReject 
when reject button is clicked
[31m[1mTestingLibraryElemen
tError[22m[39m: Found 
multiple elements with the 
text: Reject

Here are the matching 
elements:

Ignored nodes: comments, 
script, style
[36m<div[39m
  [33mclass[39m=[32m"flex 
items-center gap-2"[39m
[36m>[39m
  [36m<div[39m
    [33mdata-testid[39m=[3
2m"icon-x-circle"[39m
  [36m>[39m
    [0mReject[0m
  [36m</div>[39m
  [0mReject[0m
[36m</div>[39m

Ignored nodes: comments, 
script, style
[36m<div[39m
  [33mdata-testid[39m=[32m
"icon-x-circle"[39m
[36m>[39m
  [0mReject[0m
[36m</div>[39m

(If this is intentional, 
then use the `*AllBy*` 
variant of the query (like 
`queryAllByText`, 
`getAllByText`, or 
`findAllByText`)).

Ignored nodes: comments, 
script, style
[36m<body[39m
  [33mdata-scroll-locked[39
m=[32m"1"[39m
  [33mstyle[39m=[32m"point
er-events: none;"[39m
[36m>[39m
  [36m<span[39m
    [33maria-hidden[39m=[3
2m"true"[39m
    [33mdata-aria-hidden[39
m=[32m"true"[39m
    [33mdata-radix-focus-gua
rd[39m=[32m""[39m
    [33mstyle[39m=[32m"out
line: none; opacity: 0; 
position: fixed; 
pointer-events: none;"[39m
    [33mtabindex[39m=[32m"
0"[39m
  [36m/>[39m
  [36m<div[39m
    [33maria-hidden[39m=[3
2m"true"[39m
    [33mdata-aria-hidden[39
m=[32m"true"[39m
  [36m/>[39m
  [36m<div[39m
    [33maria-hidden[39m=[3
2m"true"[39m
    
[33mclass[39m=[32m"fixed 
inset-0 bg-black/50 
backdrop-blur-sm z-50"[39m
    [33mdata-aria-hidden[39
m=[32m"true"[39m
    [33mdata-state[39m=[32
m"open"[39m
    [33mstyle[39m=[32m"poi
nter-events: auto;"[39m
  [36m/>[39m
  [36m<div[39m
    
[33mclass[39m=[32m"fixed 
inset-0 z-50 flex 
items-center justify-center 
p-4"[39m
  [36m>[39m
    [36m<div[39m
      [33maria-describedby[
39m=[32m"radix-_r_h_"[39m
      [33maria-labelledby[3
9m=[32m"radix-_r_g_"[39m
      [33mclass[39m=[32m"r
elative bg-surface-dark 
border border-border-dark 
rounded-none shadow-pixel 
w-full max-w-4xl 
max-h-[90vh] mx-auto 
my-8"[39m
      [33mdata-state[39m=[
32m"open"[39m
      [33mid[39m=[32m"radi
x-_r_f_"[39m
      [33mrole[39m=[32m"di
alog"[39m
      [33mstyle[39m=[32m"p
ointer-events: auto;"[39m
      [33mtabindex[39m=[32
m"-1"[39m
    [36m>[39m
      [36m<div[39m
        
[33mclass[39m=[32m"flex 
items-center justify-between 
p-6 border-b 
border-border-dark 
bg-surface-darker"[39m
      [36m>[39m
        [36m<div[39m
          
[33mclass[39m=[32m"flex 
items-center gap-3"[39m
        [36m>[39m
          [36m<div[39m
            
[33mclass[39m=[32m"p-2 
rounded bg-yellow-500/10 
border-yellow-500/30 
border"[39m
          [36m>[39m
            [36m<div[39m
              [33mdata-testi
d[39m=[32m"icon-alert"[39m
            [36m>[39m
              [0mAlert[0m
            [36m</div>[39m
          [36m</div>[39m
          [36m<div>[39m
            [36m<h2[39m
              [33mclass[39m
=[32m"text-lg font-pixel 
text-primary uppercase 
tracking-wider"[39m
              [33mid[39m=[
32m"radix-_r_g_"[39m
            [36m>[39m
              [0mApprove 
Changes[0m
            [36m</h2>[39m
            [36m<p[39m
              [33mclass[39m
=[32m"text-sm 
text-muted-foreground"[39m
            [36m>[39m
              
[0mwrite_file[0m
              [0m ΓÇó [0m
              [0mMedium 
Risk[0m
            [36m</p>[39m
          [36m</div>[39m
        [36m</div>[39m
        [36m<button[39m
          [33maria-label[39
m=[32m"Close"[39m
          
[33mclass[39m=[32m"p-2 
text-muted-foreground 
hover:text-foreground 
hover:bg-accent rounded 
transition-colors"[39m
          [33mtype[39m=[32
m"button"[39m
        [36m>[39m
          [36m<div[39m
            [33mdata-testid
[39m=[32m"icon-x"[39m
          [36m>[39m
            [0mX[0m
          [36m</div>[39m
        [36m</button>[39m
      [36m</div>[39m
      [36m<div[39m
        
[33mclass[39m=[32m"p-6 
space-y-6 overflow-y-auto max
-h-[calc(90vh-200px)]"[39m
      [36m>[39m
        [36m<div[39m
          [33mclass[39m=[3
2m"space-y-2"[39m
        [36m>[39m
          [36m<p[39m
            [33mclass[39m=
[32m"text-sm font-medium 
text-foreground"[39m
            [33mid[39m=[32
m"radix-_r_h_"[39m
          [36m>[39m
            
[0mDescription[0m
          [36m</p>[39m
          [36m<p[39m
            [33mclass[39m=
[32m"text-sm 
text-muted-foreground 
leading-relaxed"[39m
          [36m>[39m
            [0mThis will 
create a new file[0m
          [36m</p>[39m
        [36m</div>[39m
        [36m<div[39m
          
[33mclass[39m=[32m"p-4 
rounded border 
bg-yellow-500/10 
border-yellow-500/30"[39m
        [36m>[39m
          [36m<div[39m
            
[33mclass[39m=[32m"flex 
items-start gap-3"[39m
          [36m>[39m
            [36m<div[39m
              [33mdata-testi
d[39m=[32m"icon-alert"[39m
            [36m>[39m
              [0mAlert[0m
            [36m</div>[39m

[2m Test Files [22m [1m[31m1 failed[39m[22m[90m (1)[39m
[2m      Tests [22m [1m[31m5 failed[39m[22m[2m | [22m[1m[32m10 passed[39m[22m[90m (15)[39m
[2m   Start at [22m 01:13:39
[2m   Duration [22m 5.23s[2m (transform 162ms, setup 403ms, collect 692ms, tests 997ms, environment 2.17s, prepare 318ms)[22m

            [36m<div[39m
              [33mclass[39m
=[32m"space-y-1"[39m
            [36m>[39m
              [36m<p[39m
                [33mclass[3
9m=[32m"text-sm font-medium 
text-foreground"[39m
              [36m>[39m
                
[0mWarning[0m
              [36m</p>[39m
              [36m<p[39m
                [33mclass[3
9m=[32m"text-sm 
text-muted-foreground"[39m
              [36m>[39m
                [0mThis 
action cannot be undone[0m
              [36m</p>[39m
            [36m</div>[39m
          [36m</div>[39m
        [36m</div>[39m
      [36m</div>[39m
      [36m<div[39m
        
[33mclass[39m=[32m"flex 
items-center justify-end 
gap-3 p-6 border-t 
border-border-dark 
bg-surface-darker"[39m
      [36m>[39m
        [36m<button[39m
          
[33mclass[39m=[32m"px-4 
py-2 text-sm font-medium 
border border-border-dark 
rounded-none 
text-muted-foreground 
hover:text-foreground 
hover:bg-accent 
transition-colors 
disabled:opacity-50 
disabled:cursor-not-allowed 
focus:outline-none 
focus:ring-2 
focus:ring-primary/50"[39m
          [33mtype[39m=[32
m"button"[39m
        [36m>[39m
          [36m<div[39m
            
[33mclass[39m=[32m"flex 
items-center gap-2"[39m
          [36m>[39m
            [36m<div[39m
              [33mdata-testi
d[39m=[32m"icon-x-circle"[
39m
            [36m>[39m
              [0mReject[0m
            [36m</div>[39m
            [0mReject[0m
          [36m</div>[39m
        [36m</button>[39m
        [36m<button[39m
          
[33mclass[39m=[32m"px-6 
py-2 text-sm font-medium 
border border-primary/20 
rounded-none bg-primary 
text-primary-foreground 
hover:bg-primary/90 
transition-colors 
disabled:opacity-50 
disabled:cursor-not-allowed 
focus:outline-none 
focus:ring-2 
focus:ring-primary/50 
shadow-pixel"[39m
        [36m>[39m
          [36m<div[39m
            
[33mclass[39m=[32m"flex 
items-center gap-2"[39m
          [36m>[39m
            [36m<div[39m
              [33mdata-testi
d[39m=[32m"icon-check"[39m
            [36m>[39m
              [0mCheck[0m
            [36m</div>[39m
            [0mApprove[0m
          [36m</div>[39m
        [36m</button>[39m
      [36m</div>[39m
    [36m</div>[39m
  [36m</div>[39m
  [36m<span[39m
    [33maria-hidden[39m=[3
2m"true"[39m
    [33mdata-aria-hidden[39
m=[32m"true"[39m
    [33mdata-radix-focus-gua
rd[39m=[32m""[39m
    [33mstyle[39m=[32m"out
line: none; opacity: 0; 
position: fixed; 
pointer-events: none;"[39m
    [33mtabindex[39m=[32m"
0"[39m
  [36m/>[39m
[36m</body>[39m
[90m [2mΓ¥»[22m 
Object.getElementError node_m
odules/.pnpm/@testing-library
+dom@10.4.1/node_modules/@tes
ting-library/dom/dist/config.
js:[2m37:19[22m[39m
[90m [2mΓ¥»[22m 
getElementError node_modules/
.pnpm/@testing-library+dom@10
.4.1/node_modules/@testing-li
brary/dom/dist/query-helpers.
js:[2m20:35[22m[39m
[90m [2mΓ¥»[22m getMultipl
eElementsFoundError node_modu
les/.pnpm/@testing-library+do
m@10.4.1/node_modules/@testin
g-library/dom/dist/query-help
ers.js:[2m23:10[22m[39m
[90m [2mΓ¥»[22m node_modul
es/.pnpm/@testing-library+dom
@10.4.1/node_modules/@testing
-library/dom/dist/query-helpe
rs.js:[2m55:13[22m[39m
[90m [2mΓ¥»[22m node_modul
es/.pnpm/@testing-library+dom
@10.4.1/node_modules/@testing
-library/dom/dist/query-helpe
rs.js:[2m95:19[22m[39m
[36m [2mΓ¥»[22m src/compon
ents/chat/__tests__/ApprovalO
verlay.test.tsx:[2m170:41[2
2m[39m
    [90m168| [39m          
  [34mrender[39m([33m<[39
m[33mApprovalOverlay[39m [
33m{[39m[33m...[39mdefault
Props[33m}[39m [33m/[39m
[33m>[39m)[33m;[39m
    [90m169| [39m
    [90m170| [39m          
  [35mconst[39m 
rejectButton [33m=[39m scre
en[33m.[39m[34mgetByText[
39m([32m'Reject'[39m)[33m;
[39m
    [90m   | [39m          
                             
 [31m^[39m
    [90m171| [39m          
  fireEvent[33m.[39m[34mcl
ick[39m(rejectButton)[33m;
[39m
    [90m172| [39m

[31m[2mΓÄ»ΓÄ»ΓÄ»ΓÄ»ΓÄ»ΓÄ»ΓÄ
»ΓÄ»ΓÄ»ΓÄ»ΓÄ»ΓÄ»ΓÄ»ΓÄ»ΓÄ»ΓÄ»Γ
Ä»ΓÄ»ΓÄ»ΓÄ»ΓÄ»ΓÄ»ΓÄ»ΓÄ»[4/5]Γ
Ä»[22m[39m

ΓÇëELIFECYCLEΓÇë Test failed. See above for more details.
