[2026-01-06 03:23:35] [INFO] ==========================================
[2026-01-06 03:23:35] [INFO] DAILY GOVERNANCE AUDIT STARTED
[2026-01-06 03:23:35] [INFO] ==========================================
[2026-01-06 03:23:35] [INFO] === AUDIT 1: Artifact Freshness Check ===
[2026-01-06 03:23:36] [INFO] Active artifacts: 5
[2026-01-06 03:23:36] [INFO] Stale artifacts: 0
[2026-01-06 03:23:36] [INFO] === AUDIT 2: Governance Frontmatter Validation ===
[2026-01-06 03:23:37] [WARN] [1;33mMissing governance acknowledgment: /Users/apple/Documents/coding-projects/project-alpha-master/_bmad/bmb/workflows/edit-agent/steps/step-02-analyze-agent.md[0m
[2026-01-06 03:23:37] [INFO] Total files checked: 28
[2026-01-06 03:23:37] [INFO] Files missing governance: 1
[2026-01-06 03:23:37] [WARN] [1;33mFound 1 files without governance frontmatter[0m
[2026-01-06 03:23:37] [INFO] === AUDIT 3: Orphan Artifact Detection ===
[2026-01-06 03:23:51] [WARN] [1;33mOrphan artifact: /Users/apple/Documents/coding-projects/project-alpha-master/_bmad-output/handoffs/E4/epic-e4-completion.md[0m
[2026-01-06 03:23:58] [WARN] [1;33mOrphan artifact: /Users/apple/Documents/coding-projects/project-alpha-master/_bmad-output/handoffs/ASGL-20260105-155500/S-005-handoff.md[0m
[2026-01-06 03:24:06] [WARN] [1;33mOrphan artifact: /Users/apple/Documents/coding-projects/project-alpha-master/_bmad-output/handoffs/ASGL-20260105-155500/S-004-handoff.md[0m
[2026-01-06 03:24:15] [WARN] [1;33mOrphan artifact: /Users/apple/Documents/coding-projects/project-alpha-master/_bmad-output/handoffs/ASGL-20260105-155500/S-001-handoff.md[0m
[2026-01-06 03:24:23] [WARN] [1;33mOrphan artifact: /Users/apple/Documents/coding-projects/project-alpha-master/_bmad-output/handoffs/ASGL-20260105-155500/S-003-handoff.md[0m
[2026-01-06 03:24:33] [WARN] [1;33mOrphan artifact: /Users/apple/Documents/coding-projects/project-alpha-master/_bmad-output/sprint-artifacts/ralph-loop-final-certification-182-2025-12-31.md[0m
[2026-01-06 03:24:45] [WARN] [1;33mOrphan artifact: /Users/apple/Documents/coding-projects/project-alpha-master/_bmad-output/sprint-artifacts/cwac-p0-story-context.md[0m
[2026-01-06 03:24:54] [WARN] [1;33mOrphan artifact: /Users/apple/Documents/coding-projects/project-alpha-master/_bmad-output/sprint-artifacts/WB-8.3-cross-workspace-event-system-implementation-2026-01-01.md[0m
[2026-01-06 03:25:03] [WARN] [1;33mOrphan artifact: /Users/apple/Documents/coding-projects/project-alpha-master/_bmad-output/sprint-artifacts/provider-config-consolidation-plan-2026-01-01.md[0m
[2026-01-06 03:25:13] [WARN] [1;33mOrphan artifact: /Users/apple/Documents/coding-projects/project-alpha-master/_bmad-output/sprint-artifacts/rc-001-hook-violation-fix-2025-12-29.md[0m
[2026-01-06 03:25:24] [WARN] [1;33mOrphan artifact: /Users/apple/Documents/coding-projects/project-alpha-master/_bmad-output/sprint-artifacts/epic-22-retrospective.md[0m
[2026-01-06 03:25:40] [WARN] [1;33mOrphan artifact: /Users/apple/Documents/coding-projects/project-alpha-master/_bmad-output/sprint-artifacts/24-2-fsa-handle-persistence.md[0m
[2026-01-06 03:25:52] [INFO] ==========================================
[2026-01-06 03:25:52] [INFO] DAILY GOVERNANCE AUDIT STARTED
[2026-01-06 03:25:53] [INFO] ==========================================
[2026-01-06 03:25:53] [INFO] === AUDIT 1: Artifact Freshness Check ===
[2026-01-06 03:25:53] [INFO] Active artifacts: 5
[2026-01-06 03:25:53] [INFO] Stale artifacts: 0
[2026-01-06 03:25:53] [INFO] === AUDIT 2: Governance Frontmatter Validation ===
[2026-01-06 03:25:54] [WARN] [1;33mMissing governance acknowledgment: /Users/apple/Documents/coding-projects/project-alpha-master/_bmad/bmb/workflows/edit-agent/steps/step-02-analyze-agent.md[0m
[2026-01-06 03:25:55] [INFO] Total files checked: 28
[2026-01-06 03:25:55] [INFO] Files missing governance: 1
[2026-01-06 03:25:55] [WARN] [1;33mFound 1 files without governance frontmatter[0m
[2026-01-06 03:25:55] [INFO] === AUDIT 3: Orphan Artifact Detection ===
[2026-01-06 03:25:56] [WARN] [1;33mOrphan artifact: /Users/apple/Documents/coding-projects/project-alpha-master/_bmad-output/sprint-artifacts/23-3-migrate-layout-components.md[0m
[2026-01-06 03:26:13] [WARN] [1;33mOrphan artifact: /Users/apple/Documents/coding-projects/project-alpha-master/_bmad-output/sprint-artifacts/epic-wb-2-completion-report-2026-01-01.md[0m
[2026-01-06 03:26:13] [WARN] [1;33mOrphan artifact: /Users/apple/Documents/coding-projects/project-alpha-master/_bmad-output/handoffs/E4/epic-e4-completion.md[0m
[2026-01-06 03:26:36] [WARN] [1;33mOrphan artifact: /Users/apple/Documents/coding-projects/project-alpha-master/_bmad-output/handoffs/ASGL-20260105-155500/S-005-handoff.md[0m
[2026-01-06 03:26:36] [WARN] [1;33mOrphan artifact: /Users/apple/Documents/coding-projects/project-alpha-master/_bmad-output/sprint-artifacts/3-4-terminal-integration.md[0m
[2026-01-06 03:26:55] [WARN] [1;33mOrphan artifact: /Users/apple/Documents/coding-projects/project-alpha-master/_bmad-output/handoffs/ASGL-20260105-155500/S-004-handoff.md[0m
[2026-01-06 03:26:55] [WARN] [1;33mOrphan artifact: /Users/apple/Documents/coding-projects/project-alpha-master/_bmad-output/sprint-artifacts/conversation-store-consolidation-2026-01-01.md[0m
[2026-01-06 03:27:09] [WARN] [1;33mOrphan artifact: /Users/apple/Documents/coding-projects/project-alpha-master/_bmad-output/handoffs/ASGL-20260105-155500/S-001-handoff.md[0m
[2026-01-06 03:27:09] [WARN] [1;33mOrphan artifact: /Users/apple/Documents/coding-projects/project-alpha-master/_bmad-output/sprint-artifacts/filesync-migration-report-2026-01-04.md[0m
[2026-01-06 03:27:28] [WARN] [1;33mOrphan artifact: /Users/apple/Documents/coding-projects/project-alpha-master/_bmad-output/handoffs/ASGL-20260105-155500/S-003-handoff.md[0m
[2026-01-06 03:27:28] [WARN] [1;33mOrphan artifact: /Users/apple/Documents/coding-projects/project-alpha-master/_bmad-output/sprint-artifacts/story-p2-9-fix-workspace-context-clashes.md[0m
[2026-01-06 03:27:44] [WARN] [1;33mOrphan artifact: /Users/apple/Documents/coding-projects/project-alpha-master/_bmad-output/sprint-artifacts/ralph-loop-final-certification-182-2025-12-31.md[0m
[2026-01-06 03:27:44] [WARN] [1;33mOrphan artifact: /Users/apple/Documents/coding-projects/project-alpha-master/_bmad-output/sprint-artifacts/epic-AI-25-retro-phase-1.md[0m
[2026-01-06 03:27:56] [WARN] [1;33mOrphan artifact: /Users/apple/Documents/coding-projects/project-alpha-master/_bmad-output/sprint-artifacts/cwac-p0-story-context.md[0m
[2026-01-06 03:27:56] [WARN] [1;33mOrphan artifact: /Users/apple/Documents/coding-projects/project-alpha-master/_bmad-output/sprint-artifacts/arc-epics-stories-comprehensive-2026-01-04.md[0m
[2026-01-06 03:28:08] [WARN] [1;33mOrphan artifact: /Users/apple/Documents/coding-projects/project-alpha-master/_bmad-output/sprint-artifacts/22-5-create-deployment-docs.md[0m
[2026-01-06 03:28:08] [WARN] [1;33mOrphan artifact: /Users/apple/Documents/coding-projects/project-alpha-master/_bmad-output/sprint-artifacts/WB-8.3-cross-workspace-event-system-implementation-2026-01-01.md[0m
[2026-01-06 03:28:22] [WARN] [1;33mOrphan artifact: /Users/apple/Documents/coding-projects/project-alpha-master/_bmad-output/sprint-artifacts/provider-config-consolidation-plan-2026-01-01.md[0m
[2026-01-06 03:28:22] [WARN] [1;33mOrphan artifact: /Users/apple/Documents/coding-projects/project-alpha-master/_bmad-output/sprint-artifacts/story-32-4-rag-query-optimization.md[0m
[2026-01-06 03:28:35] [WARN] [1;33mOrphan artifact: /Users/apple/Documents/coding-projects/project-alpha-master/_bmad-output/sprint-artifacts/phase-2-comprehensive-validation-sweep-2025-12-30.md[0m
[2026-01-06 03:28:35] [WARN] [1;33mOrphan artifact: /Users/apple/Documents/coding-projects/project-alpha-master/_bmad-output/sprint-artifacts/rc-001-hook-violation-fix-2025-12-29.md[0m
[2026-01-06 03:28:47] [WARN] [1;33mOrphan artifact: /Users/apple/Documents/coding-projects/project-alpha-master/_bmad-output/sprint-artifacts/epic-22-retrospective.md[0m
[2026-01-06 03:28:47] [WARN] [1;33mOrphan artifact: /Users/apple/Documents/coding-projects/project-alpha-master/_bmad-output/sprint-artifacts/story-32-2-hybrid-search-engine.md[0m
[2026-01-06 03:28:56] [WARN] [1;33mOrphan artifact: /Users/apple/Documents/coding-projects/project-alpha-master/_bmad-output/sprint-artifacts/2-4-conversation-persistence.md[0m
[2026-01-06 03:28:56] [WARN] [1;33mOrphan artifact: /Users/apple/Documents/coding-projects/project-alpha-master/_bmad-output/sprint-artifacts/24-2-fsa-handle-persistence.md[0m
[2026-01-06 03:29:07] [WARN] [1;33mOrphan artifact: /Users/apple/Documents/coding-projects/project-alpha-master/_bmad-output/sprint-artifacts/23-3-migrate-layout-components.md[0m
[2026-01-06 03:29:07] [WARN] [1;33mOrphan artifact: /Users/apple/Documents/coding-projects/project-alpha-master/_bmad-output/sprint-artifacts/rc-002-file-size-validation-2025-12-29.md[0m
[2026-01-06 03:29:17] [WARN] [1;33mOrphan artifact: /Users/apple/Documents/coding-projects/project-alpha-master/_bmad-output/sprint-artifacts/10-3-audio-overview-generator.md[0m
[2026-01-06 03:29:17] [WARN] [1;33mOrphan artifact: /Users/apple/Documents/coding-projects/project-alpha-master/_bmad-output/sprint-artifacts/epic-wb-2-completion-report-2026-01-01.md[0m
[2026-01-06 03:29:26] [WARN] [1;33mOrphan artifact: /Users/apple/Documents/coding-projects/project-alpha-master/_bmad-output/sprint-artifacts/3-4-terminal-integration.md[0m
[2026-01-06 03:29:26] [WARN] [1;33mOrphan artifact: /Users/apple/Documents/coding-projects/project-alpha-master/_bmad-output/sprint-artifacts/cross-workspace-chat-master-status.md[0m
[2026-01-06 03:29:34] [WARN] [1;33mOrphan artifact: /Users/apple/Documents/coding-projects/project-alpha-master/_bmad-output/sprint-artifacts/conversation-store-consolidation-2026-01-01.md[0m
[2026-01-06 03:29:34] [WARN] [1;33mOrphan artifact: /Users/apple/Documents/coding-projects/project-alpha-master/_bmad-output/sprint-artifacts/2-3-streaming-chat-tool-approval.md[0m
[2026-01-06 03:29:43] [WARN] [1;33mOrphan artifact: /Users/apple/Documents/coding-projects/project-alpha-master/_bmad-output/sprint-artifacts/filesync-migration-report-2026-01-04.md[0m
[2026-01-06 03:29:43] [WARN] [1;33mOrphan artifact: /Users/apple/Documents/coding-projects/project-alpha-master/_bmad-output/sprint-artifacts/12-5-wire-facades-to-tanstack-ai-tools.md[0m
[2026-01-06 03:29:53] [WARN] [1;33mOrphan artifact: /Users/apple/Documents/coding-projects/project-alpha-master/_bmad-output/sprint-artifacts/28-26-terminal-event-subscriptions.md[0m
[2026-01-06 03:29:53] [WARN] [1;33mOrphan artifact: /Users/apple/Documents/coding-projects/project-alpha-master/_bmad-output/sprint-artifacts/story-p2-9-fix-workspace-context-clashes.md[0m
[2026-01-06 03:30:02] [WARN] [1;33mOrphan artifact: /Users/apple/Documents/coding-projects/project-alpha-master/_bmad-output/sprint-artifacts/AI-25-3-hot-load-config-changes.md[0m
[2026-01-06 03:30:02] [WARN] [1;33mOrphan artifact: /Users/apple/Documents/coding-projects/project-alpha-master/_bmad-output/sprint-artifacts/epic-AI-25-retro-phase-1.md[0m
[2026-01-06 03:30:10] [WARN] [1;33mOrphan artifact: /Users/apple/Documents/coding-projects/project-alpha-master/_bmad-output/sprint-artifacts/production-readiness-epic-13-report.md[0m
[2026-01-06 03:30:10] [WARN] [1;33mOrphan artifact: /Users/apple/Documents/coding-projects/project-alpha-master/_bmad-output/sprint-artifacts/arc-epics-stories-comprehensive-2026-01-04.md[0m
[2026-01-06 03:30:20] [WARN] [1;33mOrphan artifact: /Users/apple/Documents/coding-projects/project-alpha-master/_bmad-output/sprint-artifacts/ralph-loop-phase2-final-2025-12-30.md[0m
[2026-01-06 03:30:20] [WARN] [1;33mOrphan artifact: /Users/apple/Documents/coding-projects/project-alpha-master/_bmad-output/sprint-artifacts/22-5-create-deployment-docs.md[0m
[2026-01-06 03:30:28] [WARN] [1;33mOrphan artifact: /Users/apple/Documents/coding-projects/project-alpha-master/_bmad-output/sprint-artifacts/story-32-4-rag-query-optimization.md[0m
[2026-01-06 03:30:28] [WARN] [1;33mOrphan artifact: /Users/apple/Documents/coding-projects/project-alpha-master/_bmad-output/sprint-artifacts/ARC-DUP-IMPROVE-2-dexie-imports.md[0m
[2026-01-06 03:30:40] [WARN] [1;33mOrphan artifact: /Users/apple/Documents/coding-projects/project-alpha-master/_bmad-output/sprint-artifacts/phase-2-comprehensive-validation-sweep-2025-12-30.md[0m
[2026-01-06 03:30:40] [WARN] [1;33mOrphan artifact: /Users/apple/Documents/coding-projects/project-alpha-master/_bmad-output/sprint-artifacts/tools-permissions-persistence-refactor-plan-2026-01-01.md[0m
[2026-01-06 03:30:57] [WARN] [1;33mOrphan artifact: /Users/apple/Documents/coding-projects/project-alpha-master/_bmad-output/sprint-artifacts/story-32-2-hybrid-search-engine.md[0m
[2026-01-06 03:30:57] [WARN] [1;33mOrphan artifact: /Users/apple/Documents/coding-projects/project-alpha-master/_bmad-output/sprint-artifacts/28-16-agent-config-flow.md[0m
[2026-01-06 03:31:16] [WARN] [1;33mOrphan artifact: /Users/apple/Documents/coding-projects/project-alpha-master/_bmad-output/sprint-artifacts/2-4-conversation-persistence.md[0m
[2026-01-06 03:31:16] [WARN] [1;33mOrphan artifact: /Users/apple/Documents/coding-projects/project-alpha-master/_bmad-output/sprint-artifacts/ARC-DUP.2-synthesis-results-gap.md[0m
[2026-01-06 03:31:42] [WARN] [1;33mOrphan artifact: /Users/apple/Documents/coding-projects/project-alpha-master/_bmad-output/sprint-artifacts/rc-002-file-size-validation-2025-12-29.md[0m
[2026-01-06 03:31:42] [WARN] [1;33mOrphan artifact: /Users/apple/Documents/coding-projects/project-alpha-master/_bmad-output/sprint-artifacts/epic-3-retrospective.md[0m
[2026-01-06 03:32:13] [WARN] [1;33mOrphan artifact: /Users/apple/Documents/coding-projects/project-alpha-master/_bmad-output/sprint-artifacts/story-p2-8-notes-knowledge-rag-indexing.md[0m
[2026-01-06 03:32:13] [WARN] [1;33mOrphan artifact: /Users/apple/Documents/coding-projects/project-alpha-master/_bmad-output/sprint-artifacts/10-3-audio-overview-generator.md[0m
[2026-01-06 03:32:47] [WARN] [1;33mOrphan artifact: /Users/apple/Documents/coding-projects/project-alpha-master/_bmad-output/sprint-artifacts/cross-workspace-chat-master-status.md[0m
[2026-01-06 03:32:47] [WARN] [1;33mOrphan artifact: /Users/apple/Documents/coding-projects/project-alpha-master/_bmad-output/sprint-artifacts/MVP-1-E2E-agent-config-verification.md[0m
[2026-01-06 03:33:19] [WARN] [1;33mOrphan artifact: /Users/apple/Documents/coding-projects/project-alpha-master/_bmad-output/sprint-artifacts/2-3-streaming-chat-tool-approval.md[0m
[2026-01-06 03:33:19] [WARN] [1;33mOrphan artifact: /Users/apple/Documents/coding-projects/project-alpha-master/_bmad-output/sprint-artifacts/tool-permissions-validation-cycle12-2026-01-01.md[0m
[2026-01-06 03:33:36] [WARN] [1;33mOrphan artifact: /Users/apple/Documents/coding-projects/project-alpha-master/_bmad-output/sprint-artifacts/12-5-wire-facades-to-tanstack-ai-tools.md[0m
[2026-01-06 03:33:37] [WARN] [1;33mOrphan artifact: /Users/apple/Documents/coding-projects/project-alpha-master/_bmad-output/sprint-artifacts/24-4-tool-execution-context-persistence.md[0m
[2026-01-06 03:33:52] [WARN] [1;33mOrphan artifact: /Users/apple/Documents/coding-projects/project-alpha-master/_bmad-output/sprint-artifacts/ralph-loop-cycle-9-summary-2026-01-01.md[0m
[2026-01-06 03:33:52] [WARN] [1;33mOrphan artifact: /Users/apple/Documents/coding-projects/project-alpha-master/_bmad-output/sprint-artifacts/28-26-terminal-event-subscriptions.md[0m
[2026-01-06 03:34:12] [WARN] [1;33mOrphan artifact: /Users/apple/Documents/coding-projects/project-alpha-master/_bmad-output/sprint-artifacts/22-8-add-eslint-prettier.md[0m
[2026-01-06 03:34:12] [WARN] [1;33mOrphan artifact: /Users/apple/Documents/coding-projects/project-alpha-master/_bmad-output/sprint-artifacts/AI-25-3-hot-load-config-changes.md[0m
[2026-01-06 03:34:33] [WARN] [1;33mOrphan artifact: /Users/apple/Documents/coding-projects/project-alpha-master/_bmad-output/sprint-artifacts/production-readiness-epic-13-report.md[0m
[2026-01-06 03:34:33] [WARN] [1;33mOrphan artifact: /Users/apple/Documents/coding-projects/project-alpha-master/_bmad-output/sprint-artifacts/full-project-audit-185-2025-12-31.md[0m
[2026-01-06 03:35:03] [WARN] [1;33mOrphan artifact: /Users/apple/Documents/coding-projects/project-alpha-master/_bmad-output/sprint-artifacts/2-0-credential-vault-implementation.md[0m
[2026-01-06 03:35:03] [WARN] [1;33mOrphan artifact: /Users/apple/Documents/coding-projects/project-alpha-master/_bmad-output/sprint-artifacts/ralph-loop-phase2-final-2025-12-30.md[0m
[2026-01-06 03:35:25] [WARN] [1;33mOrphan artifact: /Users/apple/Documents/coding-projects/project-alpha-master/_bmad-output/sprint-artifacts/ARC-DUP-IMPROVE-2-dexie-imports.md[0m
[2026-01-06 03:35:25] [WARN] [1;33mOrphan artifact: /Users/apple/Documents/coding-projects/project-alpha-master/_bmad-output/sprint-artifacts/21-1-locale-aware-routing-and-html-lang.md[0m
[2026-01-06 03:35:44] [WARN] [1;33mOrphan artifact: /Users/apple/Documents/coding-projects/project-alpha-master/_bmad-output/sprint-artifacts/tools-permissions-persistence-refactor-plan-2026-01-01.md[0m
[2026-01-06 03:35:44] [WARN] [1;33mOrphan artifact: /Users/apple/Documents/coding-projects/project-alpha-master/_bmad-output/sprint-artifacts/UJ-002-mobile-fsa-degradation.md[0m
[2026-01-06 03:36:05] [WARN] [1;33mOrphan artifact: /Users/apple/Documents/coding-projects/project-alpha-master/_bmad-output/sprint-artifacts/epic-wb-story-4-completion-report-2026-01-01.md[0m
[2026-01-06 03:36:05] [WARN] [1;33mOrphan artifact: /Users/apple/Documents/coding-projects/project-alpha-master/_bmad-output/sprint-artifacts/28-16-agent-config-flow.md[0m
[2026-01-06 03:36:25] [WARN] [1;33mOrphan artifact: /Users/apple/Documents/coding-projects/project-alpha-master/_bmad-output/sprint-artifacts/ARC-DUP.2-synthesis-results-gap.md[0m
[2026-01-06 03:36:25] [WARN] [1;33mOrphan artifact: /Users/apple/Documents/coding-projects/project-alpha-master/_bmad-output/sprint-artifacts/P2-6-ide-knowledge-bridge.md[0m
[2026-01-06 03:36:45] [WARN] [1;33mOrphan artifact: /Users/apple/Documents/coding-projects/project-alpha-master/_bmad-output/sprint-artifacts/epic-3-retrospective.md[0m
[2026-01-06 03:36:45] [WARN] [1;33mOrphan artifact: /Users/apple/Documents/coding-projects/project-alpha-master/_bmad-output/sprint-artifacts/23-2-initialize-shadcnui.md[0m
[2026-01-06 03:37:03] [WARN] [1;33mOrphan artifact: /Users/apple/Documents/coding-projects/project-alpha-master/_bmad-output/sprint-artifacts/story-26-3-ask-my-notes-rag-tool.md[0m
[2026-01-06 03:37:03] [WARN] [1;33mOrphan artifact: /Users/apple/Documents/coding-projects/project-alpha-master/_bmad-output/sprint-artifacts/story-p2-8-notes-knowledge-rag-indexing.md[0m
[2026-01-06 03:37:23] [WARN] [1;33mOrphan artifact: /Users/apple/Documents/coding-projects/project-alpha-master/_bmad-output/sprint-artifacts/MVP-1-E2E-agent-config-verification.md[0m
[2026-01-06 03:37:23] [WARN] [1;33mOrphan artifact: /Users/apple/Documents/coding-projects/project-alpha-master/_bmad-output/sprint-artifacts/mvp-sprint-plan-2025-12-24.md[0m
[2026-01-06 03:37:45] [WARN] [1;33mOrphan artifact: /Users/apple/Documents/coding-projects/project-alpha-master/_bmad-output/sprint-artifacts/tool-permissions-validation-cycle12-2026-01-01.md[0m
[2026-01-06 03:37:45] [WARN] [1;33mOrphan artifact: /Users/apple/Documents/coding-projects/project-alpha-master/_bmad-output/sprint-artifacts/epic-13-retrospective.md[0m
[2026-01-06 03:38:09] [WARN] [1;33mOrphan artifact: /Users/apple/Documents/coding-projects/project-alpha-master/_bmad-output/sprint-artifacts/24-4-tool-execution-context-persistence.md[0m
[2026-01-06 03:38:09] [WARN] [1;33mOrphan artifact: /Users/apple/Documents/coding-projects/project-alpha-master/_bmad-output/sprint-artifacts/22-1-implement-security-headers.md[0m
[2026-01-06 03:38:43] [WARN] [1;33mOrphan artifact: /Users/apple/Documents/coding-projects/project-alpha-master/_bmad-output/sprint-artifacts/rc-final-status-2025-12-30.md[0m
[2026-01-06 03:38:43] [WARN] [1;33mOrphan artifact: /Users/apple/Documents/coding-projects/project-alpha-master/_bmad-output/sprint-artifacts/ralph-loop-cycle-9-summary-2026-01-01.md[0m
[2026-01-06 03:39:20] [WARN] [1;33mOrphan artifact: /Users/apple/Documents/coding-projects/project-alpha-master/_bmad-output/sprint-artifacts/MVP-E2E-verification-checklist-2025-12-27.md[0m
[2026-01-06 03:39:20] [WARN] [1;33mOrphan artifact: /Users/apple/Documents/coding-projects/project-alpha-master/_bmad-output/sprint-artifacts/22-8-add-eslint-prettier.md[0m
[2026-01-06 03:39:53] [WARN] [1;33mOrphan artifact: /Users/apple/Documents/coding-projects/project-alpha-master/_bmad-output/sprint-artifacts/full-project-audit-185-2025-12-31.md[0m
[2026-01-06 03:39:53] [WARN] [1;33mOrphan artifact: /Users/apple/Documents/coding-projects/project-alpha-master/_bmad-output/sprint-artifacts/knowledge-synthesis-sprint-planning-2025-12-31.md[0m
[2026-01-06 03:40:14] [WARN] [1;33mOrphan artifact: /Users/apple/Documents/coding-projects/project-alpha-master/_bmad-output/sprint-artifacts/2-0-credential-vault-implementation.md[0m
[2026-01-06 03:40:14] [WARN] [1;33mOrphan artifact: /Users/apple/Documents/coding-projects/project-alpha-master/_bmad-output/sprint-artifacts/7-3-embedding-service.md[0m
[2026-01-06 03:40:36] [WARN] [1;33mOrphan artifact: /Users/apple/Documents/coding-projects/project-alpha-master/_bmad-output/sprint-artifacts/21-1-locale-aware-routing-and-html-lang.md[0m
[2026-01-06 03:40:36] [WARN] [1;33mOrphan artifact: /Users/apple/Documents/coding-projects/project-alpha-master/_bmad-output/sprint-artifacts/13-4-preserve-file-tree-state.md[0m
[2026-01-06 03:41:06] [WARN] [1;33mOrphan artifact: /Users/apple/Documents/coding-projects/project-alpha-master/_bmad-output/sprint-artifacts/UJ-002-mobile-fsa-degradation.md[0m
[2026-01-06 03:41:06] [WARN] [1;33mOrphan artifact: /Users/apple/Documents/coding-projects/project-alpha-master/_bmad-output/sprint-artifacts/13-5-improve-permission-restoration.md[0m
[2026-01-06 03:41:39] [WARN] [1;33mOrphan artifact: /Users/apple/Documents/coding-projects/project-alpha-master/_bmad-output/sprint-artifacts/story-26-5-complete-2025-12-31.md[0m
[2026-01-06 03:41:39] [WARN] [1;33mOrphan artifact: /Users/apple/Documents/coding-projects/project-alpha-master/_bmad-output/sprint-artifacts/epic-wb-story-4-completion-report-2026-01-01.md[0m
[2026-01-06 03:42:17] [WARN] [1;33mOrphan artifact: /Users/apple/Documents/coding-projects/project-alpha-master/_bmad-output/sprint-artifacts/P2-6-ide-knowledge-bridge.md[0m
[2026-01-06 03:42:17] [WARN] [1;33mOrphan artifact: /Users/apple/Documents/coding-projects/project-alpha-master/_bmad-output/sprint-artifacts/epic-wb-1-project-metadata-enhancement.md[0m
[2026-01-06 03:42:48] [WARN] [1;33mOrphan artifact: /Users/apple/Documents/coding-projects/project-alpha-master/_bmad-output/sprint-artifacts/story-10-3-complete-2025-12-31.md[0m
[2026-01-06 03:42:48] [WARN] [1;33mOrphan artifact: /Users/apple/Documents/coding-projects/project-alpha-master/_bmad-output/sprint-artifacts/23-2-initialize-shadcnui.md[0m
[2026-01-06 03:43:13] [WARN] [1;33mOrphan artifact: /Users/apple/Documents/coding-projects/project-alpha-master/_bmad-output/sprint-artifacts/ARC-DUP-IMPROVE-1-conversation-types.md[0m
[2026-01-06 03:43:13] [WARN] [1;33mOrphan artifact: /Users/apple/Documents/coding-projects/project-alpha-master/_bmad-output/sprint-artifacts/story-26-3-ask-my-notes-rag-tool.md[0m
[2026-01-06 03:43:33] [WARN] [1;33mOrphan artifact: /Users/apple/Documents/coding-projects/project-alpha-master/_bmad-output/sprint-artifacts/mvp-sprint-plan-2025-12-24.md[0m
[2026-01-06 03:43:33] [WARN] [1;33mOrphan artifact: /Users/apple/Documents/coding-projects/project-alpha-master/_bmad-output/sprint-artifacts/canvas-store-consolidation-plan-2026-01-01.md[0m
[2026-01-06 03:43:47] [WARN] [1;33mOrphan artifact: /Users/apple/Documents/coding-projects/project-alpha-master/_bmad-output/sprint-artifacts/1-4-accessibility-foundation.md[0m
[2026-01-06 03:43:47] [WARN] [1;33mOrphan artifact: /Users/apple/Documents/coding-projects/project-alpha-master/_bmad-output/sprint-artifacts/epic-13-retrospective.md[0m
[2026-01-06 03:43:58] [WARN] [1;33mOrphan artifact: /Users/apple/Documents/coding-projects/project-alpha-master/_bmad-output/sprint-artifacts/ralph-loop-cycle-12-iteration-16-completion-2026-01-01.md[0m
[2026-01-06 03:43:58] [WARN] [1;33mOrphan artifact: /Users/apple/Documents/coding-projects/project-alpha-master/_bmad-output/sprint-artifacts/22-1-implement-security-headers.md[0m
[2026-01-06 03:44:08] [WARN] [1;33mOrphan artifact: /Users/apple/Documents/coding-projects/project-alpha-master/_bmad-output/sprint-artifacts/epics-and-stories-completion-audit-2025-12-22.md[0m
[2026-01-06 03:44:08] [WARN] [1;33mOrphan artifact: /Users/apple/Documents/coding-projects/project-alpha-master/_bmad-output/sprint-artifacts/rc-final-status-2025-12-30.md[0m
[2026-01-06 03:44:18] [WARN] [1;33mOrphan artifact: /Users/apple/Documents/coding-projects/project-alpha-master/_bmad-output/sprint-artifacts/MVP-E2E-verification-checklist-2025-12-27.md[0m
[2026-01-06 03:44:18] [WARN] [1;33mOrphan artifact: /Users/apple/Documents/coding-projects/project-alpha-master/_bmad-output/sprint-artifacts/rc-006-dev-vs-prod-2025-12-30.md[0m
[2026-01-06 03:44:27] [WARN] [1;33mOrphan artifact: /Users/apple/Documents/coding-projects/project-alpha-master/_bmad-output/sprint-artifacts/knowledge-synthesis-sprint-planning-2025-12-31.md[0m
[2026-01-06 03:44:27] [WARN] [1;33mOrphan artifact: /Users/apple/Documents/coding-projects/project-alpha-master/_bmad-output/sprint-artifacts/LT-1-1-light-theme-token-file.md[0m
[2026-01-06 03:44:34] [WARN] [1;33mOrphan artifact: /Users/apple/Documents/coding-projects/project-alpha-master/_bmad-output/sprint-artifacts/7-3-embedding-service.md[0m
[2026-01-06 03:44:34] [WARN] [1;33mOrphan artifact: /Users/apple/Documents/coding-projects/project-alpha-master/_bmad-output/sprint-artifacts/6-3-source-management.md[0m
[2026-01-06 03:44:42] [WARN] [1;33mOrphan artifact: /Users/apple/Documents/coding-projects/project-alpha-master/_bmad-output/sprint-artifacts/ralph-loop-cycle-10-summary-2026-01-01.md[0m
[2026-01-06 03:44:42] [WARN] [1;33mOrphan artifact: /Users/apple/Documents/coding-projects/project-alpha-master/_bmad-output/sprint-artifacts/13-4-preserve-file-tree-state.md[0m
[2026-01-06 03:44:50] [WARN] [1;33mOrphan artifact: /Users/apple/Documents/coding-projects/project-alpha-master/_bmad-output/sprint-artifacts/8-4-connection-lines.md[0m
[2026-01-06 03:44:50] [WARN] [1;33mOrphan artifact: /Users/apple/Documents/coding-projects/project-alpha-master/_bmad-output/sprint-artifacts/13-5-improve-permission-restoration.md[0m
[2026-01-06 03:44:57] [WARN] [1;33mOrphan artifact: /Users/apple/Documents/coding-projects/project-alpha-master/_bmad-output/sprint-artifacts/ralph-loop-cycle-12-iteration-12-completion-2026-01-01.md[0m
[2026-01-06 03:44:57] [WARN] [1;33mOrphan artifact: /Users/apple/Documents/coding-projects/project-alpha-master/_bmad-output/sprint-artifacts/story-26-5-complete-2025-12-31.md[0m
[2026-01-06 03:45:04] [WARN] [1;33mOrphan artifact: /Users/apple/Documents/coding-projects/project-alpha-master/_bmad-output/sprint-artifacts/epic-wb-1-project-metadata-enhancement.md[0m
[2026-01-06 03:45:04] [WARN] [1;33mOrphan artifact: /Users/apple/Documents/coding-projects/project-alpha-master/_bmad-output/sprint-artifacts/IMPLEMENTATION-SUMMARY.md[0m
[2026-01-06 03:45:11] [WARN] [1;33mOrphan artifact: /Users/apple/Documents/coding-projects/project-alpha-master/_bmad-output/sprint-artifacts/story-10-3-complete-2025-12-31.md[0m
[2026-01-06 03:45:11] [WARN] [1;33mOrphan artifact: /Users/apple/Documents/coding-projects/project-alpha-master/_bmad-output/sprint-artifacts/epic-32-story-32-1-orama-wasm-vector-store-enhancement.md[0m
[2026-01-06 03:45:19] [WARN] [1;33mOrphan artifact: /Users/apple/Documents/coding-projects/project-alpha-master/_bmad-output/sprint-artifacts/story-wb-1-test-specification.md[0m
[2026-01-06 03:45:19] [WARN] [1;33mOrphan artifact: /Users/apple/Documents/coding-projects/project-alpha-master/_bmad-output/sprint-artifacts/ARC-DUP-IMPROVE-1-conversation-types.md[0m
[2026-01-06 03:45:28] [WARN] [1;33mOrphan artifact: /Users/apple/Documents/coding-projects/project-alpha-master/_bmad-output/sprint-artifacts/canvas-store-consolidation-plan-2026-01-01.md[0m
[2026-01-06 03:45:28] [WARN] [1;33mOrphan artifact: /Users/apple/Documents/coding-projects/project-alpha-master/_bmad-output/sprint-artifacts/25-R1-integrate-useagentchat-to-chatpanel.md[0m
[2026-01-06 03:45:38] [WARN] [1;33mOrphan artifact: /Users/apple/Documents/coding-projects/project-alpha-master/_bmad-output/sprint-artifacts/ralph-loop-cycle-12-completion-2026-01-01.md[0m
[2026-01-06 03:45:38] [WARN] [1;33mOrphan artifact: /Users/apple/Documents/coding-projects/project-alpha-master/_bmad-output/sprint-artifacts/1-4-accessibility-foundation.md[0m
[2026-01-06 03:45:48] [WARN] [1;33mOrphan artifact: /Users/apple/Documents/coding-projects/project-alpha-master/_bmad-output/sprint-artifacts/story-1.3-event-bus-context-2026-01-01.md[0m
[2026-01-06 03:45:48] [WARN] [1;33mOrphan artifact: /Users/apple/Documents/coding-projects/project-alpha-master/_bmad-output/sprint-artifacts/ralph-loop-cycle-12-iteration-16-completion-2026-01-01.md[0m
[2026-01-06 03:46:02] [WARN] [1;33mOrphan artifact: /Users/apple/Documents/coding-projects/project-alpha-master/_bmad-output/sprint-artifacts/NR-01-wire-ai-service.md[0m
[2026-01-06 03:46:02] [WARN] [1;33mOrphan artifact: /Users/apple/Documents/coding-projects/project-alpha-master/_bmad-output/sprint-artifacts/epics-and-stories-completion-audit-2025-12-22.md[0m
[2026-01-06 03:46:20] [WARN] [1;33mOrphan artifact: /Users/apple/Documents/coding-projects/project-alpha-master/_bmad-output/sprint-artifacts/rc-006-dev-vs-prod-2025-12-30.md[0m
[2026-01-06 03:46:20] [WARN] [1;33mOrphan artifact: /Users/apple/Documents/coding-projects/project-alpha-master/_bmad-output/sprint-artifacts/P2-5-wire-filesync-services.md[0m
[2026-01-06 03:46:39] [WARN] [1;33mOrphan artifact: /Users/apple/Documents/coding-projects/project-alpha-master/_bmad-output/sprint-artifacts/LT-1-1-light-theme-token-file.md[0m
[2026-01-06 03:46:39] [WARN] [1;33mOrphan artifact: /Users/apple/Documents/coding-projects/project-alpha-master/_bmad-output/sprint-artifacts/story-32-3-semantic-citation-system.md[0m
[2026-01-06 03:46:53] [WARN] [1;33mOrphan artifact: /Users/apple/Documents/coding-projects/project-alpha-master/_bmad-output/sprint-artifacts/epic-9-retrospective.md[0m
[2026-01-06 03:46:53] [WARN] [1;33mOrphan artifact: /Users/apple/Documents/coding-projects/project-alpha-master/_bmad-output/sprint-artifacts/6-3-source-management.md[0m
[2026-01-06 03:47:05] [WARN] [1;33mOrphan artifact: /Users/apple/Documents/coding-projects/project-alpha-master/_bmad-output/sprint-artifacts/13-1-fix-terminal-working-directory.md[0m
[2026-01-06 03:47:05] [WARN] [1;33mOrphan artifact: /Users/apple/Documents/coding-projects/project-alpha-master/_bmad-output/sprint-artifacts/ralph-loop-cycle-10-summary-2026-01-01.md[0m
[2026-01-06 03:47:17] [WARN] [1;33mOrphan artifact: /Users/apple/Documents/coding-projects/project-alpha-master/_bmad-output/sprint-artifacts/8-4-connection-lines.md[0m
[2026-01-06 03:47:17] [WARN] [1;33mOrphan artifact: /Users/apple/Documents/coding-projects/project-alpha-master/_bmad-output/sprint-artifacts/mvp-2-chat-interface-streaming.md[0m
[2026-01-06 03:47:28] [WARN] [1;33mOrphan artifact: /Users/apple/Documents/coding-projects/project-alpha-master/_bmad-output/sprint-artifacts/ralph-loop-cycle-12-iteration-12-completion-2026-01-01.md[0m
[2026-01-06 03:47:28] [WARN] [1;33mOrphan artifact: /Users/apple/Documents/coding-projects/project-alpha-master/_bmad-output/sprint-artifacts/ARC-1.1-session-summary-2026-01-04.md[0m
[2026-01-06 03:47:39] [WARN] [1;33mOrphan artifact: /Users/apple/Documents/coding-projects/project-alpha-master/_bmad-output/sprint-artifacts/IMPLEMENTATION-SUMMARY.md[0m
[2026-01-06 03:47:39] [WARN] [1;33mOrphan artifact: /Users/apple/Documents/coding-projects/project-alpha-master/_bmad-output/sprint-artifacts/story-26-4-inline-ai-magic.md[0m
[2026-01-06 03:47:49] [WARN] [1;33mOrphan artifact: /Users/apple/Documents/coding-projects/project-alpha-master/_bmad-output/sprint-artifacts/epic-32-story-32-1-orama-wasm-vector-store-enhancement.md[0m
[2026-01-06 03:47:49] [WARN] [1;33mOrphan artifact: /Users/apple/Documents/coding-projects/project-alpha-master/_bmad-output/sprint-artifacts/course-correction-deliverables-2025-12-27.md[0m
[2026-01-06 03:47:58] [WARN] [1;33mOrphan artifact: /Users/apple/Documents/coding-projects/project-alpha-master/_bmad-output/sprint-artifacts/epic-wb-story-7-completion-report-2026-01-01.md[0m
[2026-01-06 03:47:58] [WARN] [1;33mOrphan artifact: /Users/apple/Documents/coding-projects/project-alpha-master/_bmad-output/sprint-artifacts/story-wb-1-test-specification.md[0m
[2026-01-06 03:48:06] [WARN] [1;33mOrphan artifact: /Users/apple/Documents/coding-projects/project-alpha-master/_bmad-output/sprint-artifacts/25-R1-integrate-useagentchat-to-chatpanel.md[0m
[2026-01-06 03:48:06] [WARN] [1;33mOrphan artifact: /Users/apple/Documents/coding-projects/project-alpha-master/_bmad-output/sprint-artifacts/course-correction-mfa-2025-12-28.md[0m
[2026-01-06 03:48:12] [WARN] [1;33mOrphan artifact: /Users/apple/Documents/coding-projects/project-alpha-master/_bmad-output/sprint-artifacts/9-3-flashcard-study-interface.md[0m
[2026-01-06 03:48:12] [WARN] [1;33mOrphan artifact: /Users/apple/Documents/coding-projects/project-alpha-master/_bmad-output/sprint-artifacts/ralph-loop-cycle-12-completion-2026-01-01.md[0m
[2026-01-06 03:48:17] [WARN] [1;33mOrphan artifact: /Users/apple/Documents/coding-projects/project-alpha-master/_bmad-output/sprint-artifacts/3-2-webcontainer-boot.md[0m
[2026-01-06 03:48:17] [WARN] [1;33mOrphan artifact: /Users/apple/Documents/coding-projects/project-alpha-master/_bmad-output/sprint-artifacts/story-1.3-event-bus-context-2026-01-01.md[0m
[2026-01-06 03:48:23] [WARN] [1;33mOrphan artifact: /Users/apple/Documents/coding-projects/project-alpha-master/_bmad-output/sprint-artifacts/epic-6-retrospective-2025-12-30.md[0m
[2026-01-06 03:48:23] [WARN] [1;33mOrphan artifact: /Users/apple/Documents/coding-projects/project-alpha-master/_bmad-output/sprint-artifacts/NR-01-wire-ai-service.md[0m
[2026-01-06 03:48:29] [WARN] [1;33mOrphan artifact: /Users/apple/Documents/coding-projects/project-alpha-master/_bmad-output/sprint-artifacts/P2-5-wire-filesync-services.md[0m
[2026-01-06 03:48:29] [WARN] [1;33mOrphan artifact: /Users/apple/Documents/coding-projects/project-alpha-master/_bmad-output/sprint-artifacts/7-4-hybrid-retrieval.md[0m
[2026-01-06 03:48:35] [WARN] [1;33mOrphan artifact: /Users/apple/Documents/coding-projects/project-alpha-master/_bmad-output/sprint-artifacts/ralph-loop-revalidation-2025-12-29.md[0m
[2026-01-06 03:48:35] [WARN] [1;33mOrphan artifact: /Users/apple/Documents/coding-projects/project-alpha-master/_bmad-output/sprint-artifacts/story-32-3-semantic-citation-system.md[0m
[2026-01-06 03:48:40] [WARN] [1;33mOrphan artifact: /Users/apple/Documents/coding-projects/project-alpha-master/_bmad-output/sprint-artifacts/story-31-4-tool-timeout.md[0m
[2026-01-06 03:48:40] [WARN] [1;33mOrphan artifact: /Users/apple/Documents/coding-projects/project-alpha-master/_bmad-output/sprint-artifacts/epic-9-retrospective.md[0m
[2026-01-06 03:48:45] [WARN] [1;33mOrphan artifact: /Users/apple/Documents/coding-projects/project-alpha-master/_bmad-output/sprint-artifacts/13-1-fix-terminal-working-directory.md[0m
[2026-01-06 03:48:45] [WARN] [1;33mOrphan artifact: /Users/apple/Documents/coding-projects/project-alpha-master/_bmad-output/sprint-artifacts/ralph-loop-cycle-12-iteration-11-typescript-fixes-summary-2026-01-01.md[0m
