════════════════════════════════════════════════════════════
🔍 GOVERNANCE COMPLIANCE AUDIT
════════════════════════════════════════════════════════════
Date: 2026-01-05T20:24:15Z
Audit ID: GOV-AUDIT-20260106-032415

1. Checking for missing frontmatter in handoffs...
   [0;31m❌ Files missing frontmatter:[0m
      _bmad-output/handoffs/E4/epic-e4-completion.md
      _bmad-output/handoffs/ASGL-20260105-155500/S-005-handoff.md
      _bmad-output/handoffs/ASGL-20260105-155500/S-004-handoff.md
      _bmad-output/handoffs/ASGL-20260105-155500/S-001-handoff.md
      _bmad-output/handoffs/ASGL-20260105-155500/S-003-handoff.md
      

2. Checking naming convention...
   [1;33m⚠️  Files not following naming convention:[0m
      _bmad-output/handoffs/E4/epic-e4-completion.md
      _bmad-output/handoffs/ASGL-20260105-155500/S-005-handoff.md
      _bmad-output/handoffs/ASGL-20260105-155500/S-004-handoff.md
      _bmad-output/handoffs/ASGL-20260105-155500/S-001-handoff.md
      _bmad-output/handoffs/ASGL-20260105-155500/S-003-handoff.md

3. Checking for stale artifacts (>24h)...
   [0;32m✅ No stale artifacts[0m

4. Checking agent governance acknowledgment...
   [1;33m⚠️  Agents missing governance acknowledgment: 10[0m
      _bmad/bmb/workflows/create-agent/data/reference/agents/module-examples/README.md
      _bmad/bmb/workflows/create-agent/data/reference/agents/simple-examples/README.md
      _bmad/bmb/workflows/create-agent/data/reference/agents/expert-examples/journal-keeper/README.md
      _bmad/bmb/docs/agents/understanding-agent-types.md
      _bmad/bmb/docs/agents/expert-agent-architecture.md
      _bmad/bmb/docs/agents/agent-compilation.md
      _bmad/bmb/docs/agents/index.md
      _bmad/bmb/docs/agents/agent-menu-patterns.md
      _bmad/bmb/docs/agents/simple-agent-architecture.md
      _bmad/bmb/reference/agents/simple-examples/README.md

5. Checking workflow frontmatter...
   [0;32m✅ All workflows have governance frontmatter[0m

6. Checking for unorganized artifacts...
   [0;32m✅ All artifacts properly organized[0m

════════════════════════════════════════════════════════════
AUDIT SUMMARY
════════════════════════════════════════════════════════════
P0 (Critical):    5
P1 (Warning):     15
P2 (Advisory):    0
Total Issues:     20

Report saved to: /Users/apple/Documents/coding-projects/project-alpha-master/_bmad-output/governance/audits/report-2026-01-06.md
Log saved to: /Users/apple/Documents/coding-projects/project-alpha-master/_bmad-output/governance/audits/audit-2026-01-06.log

════════════════════════════════════════════════════════════
Audit complete.
════════════════════════════════════════════════════════════
